Component: Arm Compiler for Embedded 6.18 Tool: armlink [5e4cc100]

==============================================================================

Section Cross References

    main.o(.text.main) refers to utils_ctboard.o(.text.read_word) for read_word
    main.o(.text.main) refers to utils_ctboard.o(.text.write_word) for write_word
    main.o(.text.main) refers to utils_ctboard.o(.text.write_byte) for write_byte
    main.o(.text.main) refers to main.o(.rodata.patterns) for patterns
    main.o(.ARM.exidx.text.main) refers to main.o(.text.main) for [Anonymous Symbol]
    utils_ctboard.o(.ARM.exidx.text.read_byte) refers to utils_ctboard.o(.text.read_byte) for [Anonymous Symbol]
    utils_ctboard.o(.ARM.exidx.text.read_halfword) refers to utils_ctboard.o(.text.read_halfword) for [Anonymous Symbol]
    utils_ctboard.o(.ARM.exidx.text.read_word) refers to utils_ctboard.o(.text.read_word) for [Anonymous Symbol]
    utils_ctboard.o(.ARM.exidx.text.read_doubleword) refers to utils_ctboard.o(.text.read_doubleword) for [Anonymous Symbol]
    utils_ctboard.o(.ARM.exidx.text.write_byte) refers to utils_ctboard.o(.text.write_byte) for [Anonymous Symbol]
    utils_ctboard.o(.ARM.exidx.text.write_halfword) refers to utils_ctboard.o(.text.write_halfword) for [Anonymous Symbol]
    utils_ctboard.o(.ARM.exidx.text.write_word) refers to utils_ctboard.o(.text.write_word) for [Anonymous Symbol]
    utils_ctboard.o(.ARM.exidx.text.write_doubleword) refers to utils_ctboard.o(.text.write_doubleword) for [Anonymous Symbol]
    datainit_ctboard.o(.text) refers (Weak) to startup_ctboard.o(STACK) for Stack_Mem
    datainit_ctboard.o(.text) refers to main.o(.text.main) for main
    startup_ctboard.o(RESET) refers to startup_ctboard.o(STACK) for __initial_sp
    startup_ctboard.o(RESET) refers to startup_ctboard.o(.text) for Reset_Handler
    startup_ctboard.o(.text) refers to system_ctboard.o(.text.__system) for __system
    startup_ctboard.o(.text) refers to datainit_ctboard.o(.text) for __main
    system_ctboard.o(.text.__system) refers to system_ctboard.o(.text.system_enter_run) for system_enter_run
    system_ctboard.o(.ARM.exidx.text.__system) refers to system_ctboard.o(.text.__system) for [Anonymous Symbol]
    system_ctboard.o(.text.system_enter_run) refers to system_ctboard.o(.text.init_SystemClock) for init_SystemClock
    system_ctboard.o(.text.system_enter_run) refers to system_ctboard.o(.text.init_FPU) for init_FPU
    system_ctboard.o(.text.system_enter_run) refers to system_ctboard.o(.text.init_FMC_SRAM) for init_FMC_SRAM
    system_ctboard.o(.text.system_enter_run) refers to system_ctboard.o(.text.init_LCD) for init_LCD
    system_ctboard.o(.ARM.exidx.text.system_enter_run) refers to system_ctboard.o(.text.system_enter_run) for [Anonymous Symbol]
    system_ctboard.o(.text.init_SystemClock) refers to hal_rcc.o(.text.hal_rcc_reset) for hal_rcc_reset
    system_ctboard.o(.text.init_SystemClock) refers to hal_rcc.o(.text.hal_rcc_set_osc) for hal_rcc_set_osc
    system_ctboard.o(.text.init_SystemClock) refers to hal_rcc.o(.text.hal_rcc_setup_pll) for hal_rcc_setup_pll
    system_ctboard.o(.text.init_SystemClock) refers to hal_pwr.o(.text.hal_pwr_set_overdrive) for hal_pwr_set_overdrive
    system_ctboard.o(.text.init_SystemClock) refers to hal_rcc.o(.text.hal_rcc_setup_clock) for hal_rcc_setup_clock
    system_ctboard.o(.ARM.exidx.text.init_SystemClock) refers to system_ctboard.o(.text.init_SystemClock) for [Anonymous Symbol]
    system_ctboard.o(.ARM.exidx.text.init_FPU) refers to system_ctboard.o(.text.init_FPU) for [Anonymous Symbol]
    system_ctboard.o(.text.init_FMC_SRAM) refers to hal_gpio.o(.text.hal_gpio_init_alternate) for hal_gpio_init_alternate
    system_ctboard.o(.text.init_FMC_SRAM) refers to hal_fmc.o(.text.hal_fmc_init_sram) for hal_fmc_init_sram
    system_ctboard.o(.ARM.exidx.text.init_FMC_SRAM) refers to system_ctboard.o(.text.init_FMC_SRAM) for [Anonymous Symbol]
    system_ctboard.o(.ARM.exidx.text.init_LCD) refers to system_ctboard.o(.text.init_LCD) for [Anonymous Symbol]
    system_ctboard.o(.ARM.exidx.text.system_enter_sleep) refers to system_ctboard.o(.text.system_enter_sleep) for [Anonymous Symbol]
    system_ctboard.o(.ARM.exidx.text.system_enter_stop) refers to system_ctboard.o(.text.system_enter_stop) for [Anonymous Symbol]
    system_ctboard.o(.ARM.exidx.text.system_enter_standby) refers to system_ctboard.o(.text.system_enter_standby) for [Anonymous Symbol]
    hal_adc.o(.ARM.exidx.text.hal_adc_reset) refers to hal_adc.o(.text.hal_adc_reset) for [Anonymous Symbol]
    hal_adc.o(.ARM.exidx.text.hal_adc_init_base) refers to hal_adc.o(.text.hal_adc_init_base) for [Anonymous Symbol]
    hal_adc.o(.ARM.exidx.text.hal_adc_init_channel) refers to hal_adc.o(.text.hal_adc_init_channel) for [Anonymous Symbol]
    hal_adc.o(.ARM.exidx.text.hal_adc_start) refers to hal_adc.o(.text.hal_adc_start) for [Anonymous Symbol]
    hal_adc.o(.ARM.exidx.text.hal_adc_stop) refers to hal_adc.o(.text.hal_adc_stop) for [Anonymous Symbol]
    hal_adc.o(.ARM.exidx.text.hal_adc_set_dma) refers to hal_adc.o(.text.hal_adc_set_dma) for [Anonymous Symbol]
    hal_fmc.o(.ARM.exidx.text.hal_fmc_reset) refers to hal_fmc.o(.text.hal_fmc_reset) for [Anonymous Symbol]
    hal_fmc.o(.ARM.exidx.text.hal_fmc_init_sram) refers to hal_fmc.o(.text.hal_fmc_init_sram) for [Anonymous Symbol]
    hal_gpio.o(.ARM.exidx.text.hal_gpio_reset) refers to hal_gpio.o(.text.hal_gpio_reset) for [Anonymous Symbol]
    hal_gpio.o(.text.hal_gpio_init_input) refers to hal_gpio.o(.text.intercept_overwrite_register) for intercept_overwrite_register
    hal_gpio.o(.text.hal_gpio_init_input) refers to hal_gpio.o(.text.create_pattern_mask) for create_pattern_mask
    hal_gpio.o(.ARM.exidx.text.hal_gpio_init_input) refers to hal_gpio.o(.text.hal_gpio_init_input) for [Anonymous Symbol]
    hal_gpio.o(.ARM.exidx.text.intercept_overwrite_register) refers to hal_gpio.o(.text.intercept_overwrite_register) for [Anonymous Symbol]
    hal_gpio.o(.text.create_pattern_mask) refers to aeabi_sdiv.o(.text) for __aeabi_uidiv
    hal_gpio.o(.ARM.exidx.text.create_pattern_mask) refers to hal_gpio.o(.text.create_pattern_mask) for [Anonymous Symbol]
    hal_gpio.o(.text.hal_gpio_init_analog) refers to hal_gpio.o(.text.hal_gpio_init_input) for hal_gpio_init_input
    hal_gpio.o(.text.hal_gpio_init_analog) refers to hal_gpio.o(.text.create_pattern_mask) for create_pattern_mask
    hal_gpio.o(.ARM.exidx.text.hal_gpio_init_analog) refers to hal_gpio.o(.text.hal_gpio_init_analog) for [Anonymous Symbol]
    hal_gpio.o(.text.hal_gpio_init_output) refers to hal_gpio.o(.text.intercept_overwrite_register) for intercept_overwrite_register
    hal_gpio.o(.text.hal_gpio_init_output) refers to hal_gpio.o(.text.create_pattern_mask) for create_pattern_mask
    hal_gpio.o(.ARM.exidx.text.hal_gpio_init_output) refers to hal_gpio.o(.text.hal_gpio_init_output) for [Anonymous Symbol]
    hal_gpio.o(.text.hal_gpio_init_alternate) refers to hal_gpio.o(.text.hal_gpio_init_output) for hal_gpio_init_output
    hal_gpio.o(.text.hal_gpio_init_alternate) refers to hal_gpio.o(.text.create_pattern_mask) for create_pattern_mask
    hal_gpio.o(.ARM.exidx.text.hal_gpio_init_alternate) refers to hal_gpio.o(.text.hal_gpio_init_alternate) for [Anonymous Symbol]
    hal_gpio.o(.ARM.exidx.text.hal_gpio_input_read) refers to hal_gpio.o(.text.hal_gpio_input_read) for [Anonymous Symbol]
    hal_gpio.o(.ARM.exidx.text.hal_gpio_output_read) refers to hal_gpio.o(.text.hal_gpio_output_read) for [Anonymous Symbol]
    hal_gpio.o(.text.hal_gpio_output_write) refers to hal_gpio.o(.text.intercept_overwrite_register) for intercept_overwrite_register
    hal_gpio.o(.ARM.exidx.text.hal_gpio_output_write) refers to hal_gpio.o(.text.hal_gpio_output_write) for [Anonymous Symbol]
    hal_gpio.o(.text.hal_gpio_bit_set) refers to hal_gpio.o(.text.intercept_overwrite_register) for intercept_overwrite_register
    hal_gpio.o(.ARM.exidx.text.hal_gpio_bit_set) refers to hal_gpio.o(.text.hal_gpio_bit_set) for [Anonymous Symbol]
    hal_gpio.o(.text.hal_gpio_bit_reset) refers to hal_gpio.o(.text.intercept_overwrite_register) for intercept_overwrite_register
    hal_gpio.o(.ARM.exidx.text.hal_gpio_bit_reset) refers to hal_gpio.o(.text.hal_gpio_bit_reset) for [Anonymous Symbol]
    hal_gpio.o(.text.hal_gpio_bit_toggle) refers to hal_gpio.o(.text.intercept_overwrite_register) for intercept_overwrite_register
    hal_gpio.o(.text.hal_gpio_bit_toggle) refers to hal_gpio.o(.text.hal_gpio_output_read) for hal_gpio_output_read
    hal_gpio.o(.ARM.exidx.text.hal_gpio_bit_toggle) refers to hal_gpio.o(.text.hal_gpio_bit_toggle) for [Anonymous Symbol]
    hal_gpio.o(.text.hal_gpio_irq_set) refers to hal_gpio.o(.text.get_syscfg_mask) for get_syscfg_mask
    hal_gpio.o(.ARM.exidx.text.hal_gpio_irq_set) refers to hal_gpio.o(.text.hal_gpio_irq_set) for [Anonymous Symbol]
    hal_gpio.o(.ARM.exidx.text.get_syscfg_mask) refers to hal_gpio.o(.text.get_syscfg_mask) for [Anonymous Symbol]
    hal_gpio.o(.ARM.exidx.text.hal_gpio_irq_status) refers to hal_gpio.o(.text.hal_gpio_irq_status) for [Anonymous Symbol]
    hal_gpio.o(.ARM.exidx.text.hal_gpio_irq_clear) refers to hal_gpio.o(.text.hal_gpio_irq_clear) for [Anonymous Symbol]
    hal_pwr.o(.ARM.exidx.text.hal_pwr_reset) refers to hal_pwr.o(.text.hal_pwr_reset) for [Anonymous Symbol]
    hal_pwr.o(.ARM.exidx.text.hal_pwr_set_backup_domain) refers to hal_pwr.o(.text.hal_pwr_set_backup_domain) for [Anonymous Symbol]
    hal_pwr.o(.ARM.exidx.text.hal_pwr_set_backup_access) refers to hal_pwr.o(.text.hal_pwr_set_backup_access) for [Anonymous Symbol]
    hal_pwr.o(.ARM.exidx.text.hal_pwr_set_wakeup_pin) refers to hal_pwr.o(.text.hal_pwr_set_wakeup_pin) for [Anonymous Symbol]
    hal_pwr.o(.ARM.exidx.text.hal_pwr_set_flash_powerdown) refers to hal_pwr.o(.text.hal_pwr_set_flash_powerdown) for [Anonymous Symbol]
    hal_pwr.o(.ARM.exidx.text.hal_pwr_set_overdrive) refers to hal_pwr.o(.text.hal_pwr_set_overdrive) for [Anonymous Symbol]
    hal_pwr.o(.ARM.exidx.text.hal_pwr_set_underdrive) refers to hal_pwr.o(.text.hal_pwr_set_underdrive) for [Anonymous Symbol]
    hal_rcc.o(.ARM.exidx.text.hal_rcc_reset) refers to hal_rcc.o(.text.hal_rcc_reset) for [Anonymous Symbol]
    hal_rcc.o(.ARM.exidx.text.hal_rcc_set_peripheral) refers to hal_rcc.o(.text.hal_rcc_set_peripheral) for [Anonymous Symbol]
    hal_rcc.o(.ARM.exidx.text.hal_rcc_set_osc) refers to hal_rcc.o(.text.hal_rcc_set_osc) for [Anonymous Symbol]
    hal_rcc.o(.ARM.exidx.text.hal_rcc_setup_pll) refers to hal_rcc.o(.text.hal_rcc_setup_pll) for [Anonymous Symbol]
    hal_rcc.o(.ARM.exidx.text.hal_rcc_setup_clock) refers to hal_rcc.o(.text.hal_rcc_setup_clock) for [Anonymous Symbol]
    aeabi_idiv0_sigfpe.o(.text) refers to rt_div0.o(.text) for __rt_div0
    rt_div0.o(.text) refers to defsig_fpe_outer.o(.text) for __rt_SIGFPE
    defsig_fpe_outer.o(.text) refers to defsig_fpe_inner.o(.text) for __rt_SIGFPE_inner
    defsig_fpe_outer.o(.text) refers to defsig_exit.o(.text) for __sig_exit
    defsig_fpe_formal.o(.text) refers to rt_raise.o(.text) for __rt_raise
    rt_raise.o(.text) refers to __raise.o(.text) for __raise
    rt_raise.o(.text) refers to sys_exit.o(.text) for _sys_exit
    defsig_exit.o(.text) refers to sys_exit.o(.text) for _sys_exit
    defsig_fpe_inner.o(.text) refers to defsig_general.o(.text) for __default_signal_display
    sys_exit.o(.text) refers (Special) to use_no_semi.o(.text) for __I$use$semihosting
    sys_exit.o(.text) refers (Special) to indicate_semi.o(.text) for __semihosting_library_function
    sys_exit_hlt.o(.text) refers (Special) to use_no_semi.o(.text) for __I$use$semihosting
    sys_exit_hlt.o(.text) refers (Special) to indicate_semi.o(.text) for __semihosting_library_function
    __raise.o(.text) refers to defsig.o(CL$$defsig) for __default_signal_handler
    defsig_general.o(.text) refers to sys_wrch.o(.text) for _ttywrch
    sys_wrch.o(.text) refers (Special) to use_no_semi.o(.text) for __I$use$semihosting
    sys_wrch.o(.text) refers (Special) to indicate_semi.o(.text) for __semihosting_library_function
    sys_wrch_hlt.o(.text) refers (Special) to use_no_semi.o(.text) for __I$use$semihosting
    sys_wrch_hlt.o(.text) refers (Special) to indicate_semi.o(.text) for __semihosting_library_function
    defsig.o(CL$$defsig) refers to defsig_fpe_inner.o(.text) for __rt_SIGFPE_inner
    defsig_abrt_inner.o(.text) refers to defsig_general.o(.text) for __default_signal_display
    defsig_rtred_inner.o(.text) refers to defsig_general.o(.text) for __default_signal_display
    defsig_rtmem_inner.o(.text) refers to defsig_general.o(.text) for __default_signal_display
    defsig_stak_inner.o(.text) refers to defsig_general.o(.text) for __default_signal_display
    defsig_pvfn_inner.o(.text) refers to defsig_general.o(.text) for __default_signal_display
    defsig_cppl_inner.o(.text) refers to defsig_general.o(.text) for __default_signal_display
    defsig_segv_inner.o(.text) refers to defsig_general.o(.text) for __default_signal_display
    defsig_other.o(.text) refers to defsig_general.o(.text) for __default_signal_display


==============================================================================

Removing Unused input sections from the image.

    Removing main.o(.text), (0 bytes).
    Removing main.o(.ARM.exidx.text.main), (8 bytes).
    Removing main.o(.ARM.use_no_argv), (4 bytes).
    Removing utils_ctboard.o(.text), (0 bytes).
    Removing utils_ctboard.o(.text.read_byte), (16 bytes).
    Removing utils_ctboard.o(.ARM.exidx.text.read_byte), (8 bytes).
    Removing utils_ctboard.o(.text.read_halfword), (16 bytes).
    Removing utils_ctboard.o(.ARM.exidx.text.read_halfword), (8 bytes).
    Removing utils_ctboard.o(.ARM.exidx.text.read_word), (8 bytes).
    Removing utils_ctboard.o(.text.read_doubleword), (18 bytes).
    Removing utils_ctboard.o(.ARM.exidx.text.read_doubleword), (8 bytes).
    Removing utils_ctboard.o(.ARM.exidx.text.write_byte), (8 bytes).
    Removing utils_ctboard.o(.text.write_halfword), (22 bytes).
    Removing utils_ctboard.o(.ARM.exidx.text.write_halfword), (8 bytes).
    Removing utils_ctboard.o(.ARM.exidx.text.write_word), (8 bytes).
    Removing utils_ctboard.o(.text.write_doubleword), (26 bytes).
    Removing utils_ctboard.o(.ARM.exidx.text.write_doubleword), (8 bytes).
    Removing startup_ctboard.o(HEAP), (2048 bytes).
    Removing system_ctboard.o(.text), (0 bytes).
    Removing system_ctboard.o(.ARM.exidx.text.__system), (8 bytes).
    Removing system_ctboard.o(.ARM.exidx.text.system_enter_run), (8 bytes).
    Removing system_ctboard.o(.ARM.exidx.text.init_SystemClock), (8 bytes).
    Removing system_ctboard.o(.ARM.exidx.text.init_FPU), (8 bytes).
    Removing system_ctboard.o(.ARM.exidx.text.init_FMC_SRAM), (8 bytes).
    Removing system_ctboard.o(.ARM.exidx.text.init_LCD), (8 bytes).
    Removing system_ctboard.o(.text.system_enter_sleep), (10 bytes).
    Removing system_ctboard.o(.ARM.exidx.text.system_enter_sleep), (8 bytes).
    Removing system_ctboard.o(.text.system_enter_stop), (14 bytes).
    Removing system_ctboard.o(.ARM.exidx.text.system_enter_stop), (8 bytes).
    Removing system_ctboard.o(.text.system_enter_standby), (2 bytes).
    Removing system_ctboard.o(.ARM.exidx.text.system_enter_standby), (8 bytes).
    Removing hal_adc.o(.text), (0 bytes).
    Removing hal_adc.o(.text.hal_adc_reset), (22 bytes).
    Removing hal_adc.o(.ARM.exidx.text.hal_adc_reset), (8 bytes).
    Removing hal_adc.o(.text.hal_adc_init_base), (148 bytes).
    Removing hal_adc.o(.ARM.exidx.text.hal_adc_init_base), (8 bytes).
    Removing hal_adc.o(.text.hal_adc_init_channel), (358 bytes).
    Removing hal_adc.o(.ARM.exidx.text.hal_adc_init_channel), (8 bytes).
    Removing hal_adc.o(.text.hal_adc_start), (20 bytes).
    Removing hal_adc.o(.ARM.exidx.text.hal_adc_start), (8 bytes).
    Removing hal_adc.o(.text.hal_adc_stop), (20 bytes).
    Removing hal_adc.o(.ARM.exidx.text.hal_adc_stop), (8 bytes).
    Removing hal_adc.o(.text.hal_adc_set_dma), (48 bytes).
    Removing hal_adc.o(.ARM.exidx.text.hal_adc_set_dma), (8 bytes).
    Removing hal_fmc.o(.text), (0 bytes).
    Removing hal_fmc.o(.text.hal_fmc_reset), (148 bytes).
    Removing hal_fmc.o(.ARM.exidx.text.hal_fmc_reset), (8 bytes).
    Removing hal_fmc.o(.ARM.exidx.text.hal_fmc_init_sram), (8 bytes).
    Removing hal_gpio.o(.text), (0 bytes).
    Removing hal_gpio.o(.text.hal_gpio_reset), (120 bytes).
    Removing hal_gpio.o(.ARM.exidx.text.hal_gpio_reset), (8 bytes).
    Removing hal_gpio.o(.text.hal_gpio_init_input), (126 bytes).
    Removing hal_gpio.o(.ARM.exidx.text.hal_gpio_init_input), (8 bytes).
    Removing hal_gpio.o(.ARM.exidx.text.intercept_overwrite_register), (8 bytes).
    Removing hal_gpio.o(.ARM.exidx.text.create_pattern_mask), (8 bytes).
    Removing hal_gpio.o(.text.hal_gpio_init_analog), (84 bytes).
    Removing hal_gpio.o(.ARM.exidx.text.hal_gpio_init_analog), (8 bytes).
    Removing hal_gpio.o(.ARM.exidx.text.hal_gpio_init_output), (8 bytes).
    Removing hal_gpio.o(.ARM.exidx.text.hal_gpio_init_alternate), (8 bytes).
    Removing hal_gpio.o(.text.hal_gpio_input_read), (14 bytes).
    Removing hal_gpio.o(.ARM.exidx.text.hal_gpio_input_read), (8 bytes).
    Removing hal_gpio.o(.text.hal_gpio_output_read), (14 bytes).
    Removing hal_gpio.o(.ARM.exidx.text.hal_gpio_output_read), (8 bytes).
    Removing hal_gpio.o(.text.hal_gpio_output_write), (42 bytes).
    Removing hal_gpio.o(.ARM.exidx.text.hal_gpio_output_write), (8 bytes).
    Removing hal_gpio.o(.text.hal_gpio_bit_set), (54 bytes).
    Removing hal_gpio.o(.ARM.exidx.text.hal_gpio_bit_set), (8 bytes).
    Removing hal_gpio.o(.text.hal_gpio_bit_reset), (54 bytes).
    Removing hal_gpio.o(.ARM.exidx.text.hal_gpio_bit_reset), (8 bytes).
    Removing hal_gpio.o(.text.hal_gpio_bit_toggle), (78 bytes).
    Removing hal_gpio.o(.ARM.exidx.text.hal_gpio_bit_toggle), (8 bytes).
    Removing hal_gpio.o(.text.hal_gpio_irq_set), (888 bytes).
    Removing hal_gpio.o(.ARM.exidx.text.hal_gpio_irq_set), (8 bytes).
    Removing hal_gpio.o(.text.get_syscfg_mask), (272 bytes).
    Removing hal_gpio.o(.ARM.exidx.text.get_syscfg_mask), (8 bytes).
    Removing hal_gpio.o(.text.hal_gpio_irq_status), (76 bytes).
    Removing hal_gpio.o(.ARM.exidx.text.hal_gpio_irq_status), (8 bytes).
    Removing hal_gpio.o(.text.hal_gpio_irq_clear), (28 bytes).
    Removing hal_gpio.o(.ARM.exidx.text.hal_gpio_irq_clear), (8 bytes).
    Removing hal_pwr.o(.text), (0 bytes).
    Removing hal_pwr.o(.text.hal_pwr_reset), (24 bytes).
    Removing hal_pwr.o(.ARM.exidx.text.hal_pwr_reset), (8 bytes).
    Removing hal_pwr.o(.text.hal_pwr_set_backup_domain), (164 bytes).
    Removing hal_pwr.o(.ARM.exidx.text.hal_pwr_set_backup_domain), (8 bytes).
    Removing hal_pwr.o(.text.hal_pwr_set_backup_access), (52 bytes).
    Removing hal_pwr.o(.ARM.exidx.text.hal_pwr_set_backup_access), (8 bytes).
    Removing hal_pwr.o(.text.hal_pwr_set_wakeup_pin), (52 bytes).
    Removing hal_pwr.o(.ARM.exidx.text.hal_pwr_set_wakeup_pin), (8 bytes).
    Removing hal_pwr.o(.text.hal_pwr_set_flash_powerdown), (52 bytes).
    Removing hal_pwr.o(.ARM.exidx.text.hal_pwr_set_flash_powerdown), (8 bytes).
    Removing hal_pwr.o(.ARM.exidx.text.hal_pwr_set_overdrive), (8 bytes).
    Removing hal_pwr.o(.text.hal_pwr_set_underdrive), (12 bytes).
    Removing hal_pwr.o(.ARM.exidx.text.hal_pwr_set_underdrive), (8 bytes).
    Removing hal_rcc.o(.text), (0 bytes).
    Removing hal_rcc.o(.ARM.exidx.text.hal_rcc_reset), (8 bytes).
    Removing hal_rcc.o(.text.hal_rcc_set_peripheral), (420 bytes).
    Removing hal_rcc.o(.ARM.exidx.text.hal_rcc_set_peripheral), (8 bytes).
    Removing hal_rcc.o(.ARM.exidx.text.hal_rcc_set_osc), (8 bytes).
    Removing hal_rcc.o(.ARM.exidx.text.hal_rcc_setup_pll), (8 bytes).
    Removing hal_rcc.o(.ARM.exidx.text.hal_rcc_setup_clock), (8 bytes).

100 unused section(s) (total 6006 bytes) removed from the image.

==============================================================================

Image Symbol Table

    Local Symbols

    Symbol Name                              Value     Ov Type        Size  Object(Section)

    ../clib/angel/rt.s                       0x00000000   Number         0  aeabi_idiv0.o ABSOLUTE
    ../clib/angel/rt.s                       0x00000000   Number         0  aeabi_idiv0_sigfpe.o ABSOLUTE
    ../clib/angel/rt.s                       0x00000000   Number         0  rt_div0.o ABSOLUTE
    ../clib/angel/rt.s                       0x00000000   Number         0  rt_raise.o ABSOLUTE
    ../clib/angel/sys.s                      0x00000000   Number         0  use_no_semi.o ABSOLUTE
    ../clib/angel/sys.s                      0x00000000   Number         0  indicate_semi.o ABSOLUTE
    ../clib/angel/sysapp.c                   0x00000000   Number         0  sys_exit.o ABSOLUTE
    ../clib/angel/sysapp.c                   0x00000000   Number         0  sys_exit_hlt.o ABSOLUTE
    ../clib/angel/sysapp.c                   0x00000000   Number         0  sys_wrch.o ABSOLUTE
    ../clib/angel/sysapp.c                   0x00000000   Number         0  sys_wrch_hlt.o ABSOLUTE
    ../clib/division.s                       0x00000000   Number         0  aeabi_sdiv.o ABSOLUTE
    ../clib/division.s                       0x00000000   Number         0  aeabi_sdiv_div0.o ABSOLUTE
    ../clib/signal.c                         0x00000000   Number         0  defsig_fpe_outer.o ABSOLUTE
    ../clib/signal.c                         0x00000000   Number         0  defsig_fpe_formal.o ABSOLUTE
    ../clib/signal.c                         0x00000000   Number         0  defsig_exit.o ABSOLUTE
    ../clib/signal.c                         0x00000000   Number         0  defsig_fpe_inner.o ABSOLUTE
    ../clib/signal.c                         0x00000000   Number         0  __raise.o ABSOLUTE
    ../clib/signal.c                         0x00000000   Number         0  defsig_general.o ABSOLUTE
    ../clib/signal.c                         0x00000000   Number         0  defsig_abrt_inner.o ABSOLUTE
    ../clib/signal.c                         0x00000000   Number         0  defsig_rtred_inner.o ABSOLUTE
    ../clib/signal.c                         0x00000000   Number         0  defsig_rtmem_inner.o ABSOLUTE
    ../clib/signal.c                         0x00000000   Number         0  defsig_stak_inner.o ABSOLUTE
    ../clib/signal.c                         0x00000000   Number         0  defsig_pvfn_inner.o ABSOLUTE
    ../clib/signal.c                         0x00000000   Number         0  defsig_cppl_inner.o ABSOLUTE
    ../clib/signal.c                         0x00000000   Number         0  defsig_segv_inner.o ABSOLUTE
    ../clib/signal.c                         0x00000000   Number         0  defsig_other.o ABSOLUTE
    ../clib/signal.s                         0x00000000   Number         0  defsig.o ABSOLUTE
    RTE/Device/CT_Board_HS14_M0/datainit_ctboard.s 0x00000000   Number         0  datainit_ctboard.o ABSOLUTE
    RTE/Device/CT_Board_HS14_M0/startup_ctboard.s 0x00000000   Number         0  startup_ctboard.o ABSOLUTE
    dc.s                                     0x00000000   Number         0  dc.o ABSOLUTE
    hal_adc.c                                0x00000000   Number         0  hal_adc.o ABSOLUTE
    hal_fmc.c                                0x00000000   Number         0  hal_fmc.o ABSOLUTE
    hal_gpio.c                               0x00000000   Number         0  hal_gpio.o ABSOLUTE
    hal_pwr.c                                0x00000000   Number         0  hal_pwr.o ABSOLUTE
    hal_rcc.c                                0x00000000   Number         0  hal_rcc.o ABSOLUTE
    main.c                                   0x00000000   Number         0  main.o ABSOLUTE
    system_ctboard.c                         0x00000000   Number         0  system_ctboard.o ABSOLUTE
    utils_ctboard.c                          0x00000000   Number         0  utils_ctboard.o ABSOLUTE
    RESET                                    0x08000000   Section      428  startup_ctboard.o(RESET)
    .text                                    0x080001ac   Section      124  datainit_ctboard.o(.text)
    .text                                    0x08000228   Section       36  startup_ctboard.o(.text)
    .text                                    0x0800024c   Section      364  aeabi_sdiv.o(.text)
    [Anonymous Symbol]                       0x080003b8   Section        0  system_ctboard.o(.text.__system)
    create_pattern_mask                      0x080003c1   Thumb Code   156  hal_gpio.o(.text.create_pattern_mask)
    [Anonymous Symbol]                       0x080003c0   Section        0  hal_gpio.o(.text.create_pattern_mask)
    [Anonymous Symbol]                       0x0800045c   Section        0  hal_fmc.o(.text.hal_fmc_init_sram)
    __arm_cp.1_0                             0x08000690   Number         4  hal_fmc.o(.text.hal_fmc_init_sram)
    __arm_cp.1_1                             0x08000694   Number         4  hal_fmc.o(.text.hal_fmc_init_sram)
    __arm_cp.1_2                             0x08000698   Number         4  hal_fmc.o(.text.hal_fmc_init_sram)
    __arm_cp.1_3                             0x0800069c   Number         4  hal_fmc.o(.text.hal_fmc_init_sram)
    __arm_cp.1_4                             0x080006a0   Number         4  hal_fmc.o(.text.hal_fmc_init_sram)
    __arm_cp.1_5                             0x080006a4   Number         4  hal_fmc.o(.text.hal_fmc_init_sram)
    __arm_cp.1_6                             0x080006a8   Number         4  hal_fmc.o(.text.hal_fmc_init_sram)
    [Anonymous Symbol]                       0x080006ac   Section        0  hal_gpio.o(.text.hal_gpio_init_alternate)
    [Anonymous Symbol]                       0x0800076e   Section        0  hal_gpio.o(.text.hal_gpio_init_output)
    [Anonymous Symbol]                       0x0800083e   Section        0  hal_pwr.o(.text.hal_pwr_set_overdrive)
    [Anonymous Symbol]                       0x0800084c   Section        0  hal_rcc.o(.text.hal_rcc_reset)
    __arm_cp.0_1                             0x080008e0   Number         4  hal_rcc.o(.text.hal_rcc_reset)
    __arm_cp.0_4                             0x080008e4   Number         4  hal_rcc.o(.text.hal_rcc_reset)
    __arm_cp.0_6                             0x080008e8   Number         4  hal_rcc.o(.text.hal_rcc_reset)
    __arm_cp.0_7                             0x080008ec   Number         4  hal_rcc.o(.text.hal_rcc_reset)
    __arm_cp.0_8                             0x080008f0   Number         4  hal_rcc.o(.text.hal_rcc_reset)
    __arm_cp.0_9                             0x080008f4   Number         4  hal_rcc.o(.text.hal_rcc_reset)
    __arm_cp.0_10                            0x080008f8   Number         4  hal_rcc.o(.text.hal_rcc_reset)
    __arm_cp.0_11                            0x080008fc   Number         4  hal_rcc.o(.text.hal_rcc_reset)
    __arm_cp.0_12                            0x08000900   Number         4  hal_rcc.o(.text.hal_rcc_reset)
    __arm_cp.0_13                            0x08000904   Number         4  hal_rcc.o(.text.hal_rcc_reset)
    __arm_cp.0_14                            0x08000908   Number         4  hal_rcc.o(.text.hal_rcc_reset)
    __arm_cp.0_15                            0x0800090c   Number         4  hal_rcc.o(.text.hal_rcc_reset)
    __arm_cp.0_16                            0x08000910   Number         4  hal_rcc.o(.text.hal_rcc_reset)
    __arm_cp.0_17                            0x08000914   Number         4  hal_rcc.o(.text.hal_rcc_reset)
    __arm_cp.0_18                            0x08000918   Number         4  hal_rcc.o(.text.hal_rcc_reset)
    __arm_cp.0_19                            0x0800091c   Number         4  hal_rcc.o(.text.hal_rcc_reset)
    __arm_cp.0_20                            0x08000920   Number         4  hal_rcc.o(.text.hal_rcc_reset)
    __arm_cp.0_21                            0x08000924   Number         4  hal_rcc.o(.text.hal_rcc_reset)
    __arm_cp.0_22                            0x08000928   Number         4  hal_rcc.o(.text.hal_rcc_reset)
    __arm_cp.0_23                            0x0800092c   Number         4  hal_rcc.o(.text.hal_rcc_reset)
    __arm_cp.0_24                            0x08000930   Number         4  hal_rcc.o(.text.hal_rcc_reset)
    __arm_cp.0_25                            0x08000934   Number         4  hal_rcc.o(.text.hal_rcc_reset)
    __arm_cp.0_26                            0x08000938   Number         4  hal_rcc.o(.text.hal_rcc_reset)
    __arm_cp.0_27                            0x0800093c   Number         4  hal_rcc.o(.text.hal_rcc_reset)
    __arm_cp.0_28                            0x08000940   Number         4  hal_rcc.o(.text.hal_rcc_reset)
    __arm_cp.0_29                            0x08000944   Number         4  hal_rcc.o(.text.hal_rcc_reset)
    __arm_cp.0_30                            0x08000948   Number         4  hal_rcc.o(.text.hal_rcc_reset)
    __arm_cp.0_31                            0x0800094c   Number         4  hal_rcc.o(.text.hal_rcc_reset)
    [Anonymous Symbol]                       0x08000950   Section        0  hal_rcc.o(.text.hal_rcc_set_osc)
    __arm_cp.2_0                             0x08000a5c   Number         4  hal_rcc.o(.text.hal_rcc_set_osc)
    __arm_cp.2_2                             0x08000a60   Number         4  hal_rcc.o(.text.hal_rcc_set_osc)
    [Anonymous Symbol]                       0x08000a64   Section        0  hal_rcc.o(.text.hal_rcc_setup_clock)
    __arm_cp.4_0                             0x08000b04   Number         4  hal_rcc.o(.text.hal_rcc_setup_clock)
    __arm_cp.4_1                             0x08000b08   Number         4  hal_rcc.o(.text.hal_rcc_setup_clock)
    [Anonymous Symbol]                       0x08000b0c   Section        0  hal_rcc.o(.text.hal_rcc_setup_pll)
    __arm_cp.3_0                             0x08000c54   Number         4  hal_rcc.o(.text.hal_rcc_setup_pll)
    __arm_cp.3_1                             0x08000c58   Number         4  hal_rcc.o(.text.hal_rcc_setup_pll)
    __arm_cp.3_2                             0x08000c5c   Number         4  hal_rcc.o(.text.hal_rcc_setup_pll)
    __arm_cp.3_3                             0x08000c60   Number         4  hal_rcc.o(.text.hal_rcc_setup_pll)
    __arm_cp.3_4                             0x08000c64   Number         4  hal_rcc.o(.text.hal_rcc_setup_pll)
    __arm_cp.3_5                             0x08000c68   Number         4  hal_rcc.o(.text.hal_rcc_setup_pll)
    init_FMC_SRAM                            0x08000c6d   Thumb Code   340  system_ctboard.o(.text.init_FMC_SRAM)
    [Anonymous Symbol]                       0x08000c6c   Section        0  system_ctboard.o(.text.init_FMC_SRAM)
    __arm_cp.4_0                             0x08000dc0   Number         4  system_ctboard.o(.text.init_FMC_SRAM)
    __arm_cp.4_1                             0x08000dc4   Number         4  system_ctboard.o(.text.init_FMC_SRAM)
    __arm_cp.4_2                             0x08000dc8   Number         4  system_ctboard.o(.text.init_FMC_SRAM)
    __arm_cp.4_3                             0x08000dcc   Number         4  system_ctboard.o(.text.init_FMC_SRAM)
    __arm_cp.4_4                             0x08000dd0   Number         4  system_ctboard.o(.text.init_FMC_SRAM)
    __arm_cp.4_5                             0x08000dd4   Number         4  system_ctboard.o(.text.init_FMC_SRAM)
    __arm_cp.4_6                             0x08000dd8   Number         4  system_ctboard.o(.text.init_FMC_SRAM)
    __arm_cp.4_7                             0x08000ddc   Number         4  system_ctboard.o(.text.init_FMC_SRAM)
    __arm_cp.4_8                             0x08000de0   Number         4  system_ctboard.o(.text.init_FMC_SRAM)
    __arm_cp.4_9                             0x08000de4   Number         4  system_ctboard.o(.text.init_FMC_SRAM)
    init_FPU                                 0x08000de9   Thumb Code     2  system_ctboard.o(.text.init_FPU)
    [Anonymous Symbol]                       0x08000de8   Section        0  system_ctboard.o(.text.init_FPU)
    init_LCD                                 0x08000ded   Thumb Code    32  system_ctboard.o(.text.init_LCD)
    [Anonymous Symbol]                       0x08000dec   Section        0  system_ctboard.o(.text.init_LCD)
    __arm_cp.5_0                             0x08000e0c   Number         4  system_ctboard.o(.text.init_LCD)
    init_SystemClock                         0x08000e11   Thumb Code   196  system_ctboard.o(.text.init_SystemClock)
    [Anonymous Symbol]                       0x08000e10   Section        0  system_ctboard.o(.text.init_SystemClock)
    __arm_cp.2_0                             0x08000ed4   Number         4  system_ctboard.o(.text.init_SystemClock)
    __arm_cp.2_1                             0x08000ed8   Number         4  system_ctboard.o(.text.init_SystemClock)
    __arm_cp.2_2                             0x08000edc   Number         4  system_ctboard.o(.text.init_SystemClock)
    __arm_cp.2_3                             0x08000ee0   Number         4  system_ctboard.o(.text.init_SystemClock)
    __arm_cp.2_4                             0x08000ee4   Number         4  system_ctboard.o(.text.init_SystemClock)
    intercept_overwrite_register             0x08000ee9   Thumb Code    48  hal_gpio.o(.text.intercept_overwrite_register)
    [Anonymous Symbol]                       0x08000ee8   Section        0  hal_gpio.o(.text.intercept_overwrite_register)
    __arm_cp.2_0                             0x08000f18   Number         4  hal_gpio.o(.text.intercept_overwrite_register)
    __arm_cp.2_1                             0x08000f1c   Number         4  hal_gpio.o(.text.intercept_overwrite_register)
    __arm_cp.2_2                             0x08000f20   Number         4  hal_gpio.o(.text.intercept_overwrite_register)
    [Anonymous Symbol]                       0x08000f24   Section        0  main.o(.text.main)
    __arm_cp.0_0                             0x08000f5c   Number         4  main.o(.text.main)
    __arm_cp.0_1                             0x08000f60   Number         4  main.o(.text.main)
    __arm_cp.0_2                             0x08000f64   Number         4  main.o(.text.main)
    __arm_cp.0_3                             0x08000f68   Number         4  main.o(.text.main)
    __arm_cp.0_4                             0x08000f6c   Number         4  main.o(.text.main)
    [Anonymous Symbol]                       0x08000f70   Section        0  utils_ctboard.o(.text.read_word)
    [Anonymous Symbol]                       0x08000f80   Section        0  system_ctboard.o(.text.system_enter_run)
    [Anonymous Symbol]                       0x08000f94   Section        0  utils_ctboard.o(.text.write_byte)
    [Anonymous Symbol]                       0x08000faa   Section        0  utils_ctboard.o(.text.write_word)
    STACK                                    0x20000000   Section     8192  startup_ctboard.o(STACK)
    __initial_sp                             0x20002000   Data           0  startup_ctboard.o(STACK)

    Global Symbols

    Symbol Name                              Value     Ov Type        Size  Object(Section)

    BuildAttributes$$THM_ISAv3M$S$PE$A:L22$X:L11$S22$IEEE1$IW$~IW$USESV6$~STKCKD$USESV7$~SHL$OSPACE$ROPI$EBA8$STANDARDLIB$REQ8$PRES8$EABIv2 0x00000000   Number         0  anon$$obj.o ABSOLUTE
    Image$$ER_IROM1$$Limit                    - Undefined Weak Reference
    Image$$RW_IRAM1$$Base                     - Undefined Weak Reference
    Image$$RW_IRAM1$$ZI$$Base                 - Undefined Weak Reference
    Image$$RW_IRAM1$$ZI$$Limit                - Undefined Weak Reference
    __sigvec_lookup                           - Undefined Weak Reference
    __Vectors_Size                           0x000001ac   Number         0  startup_ctboard.o ABSOLUTE
    Stack_Size                               0x00002000   Number         0  startup_ctboard.o ABSOLUTE
    __Vectors                                0x08000000   Data           4  startup_ctboard.o(RESET)
    __Vectors_End                            0x080001ac   Data           0  startup_ctboard.o(RESET)
    __main                                   0x080001ad   Thumb Code    74  datainit_ctboard.o(.text)
    Reset_Handler                            0x08000229   Thumb Code     8  startup_ctboard.o(.text)
    NMI_Handler                              0x08000231   Thumb Code     2  startup_ctboard.o(.text)
    HardFault_Handler                        0x08000233   Thumb Code     2  startup_ctboard.o(.text)
    MemManage_Handler                        0x08000235   Thumb Code     2  startup_ctboard.o(.text)
    BusFault_Handler                         0x08000237   Thumb Code     2  startup_ctboard.o(.text)
    UsageFault_Handler                       0x08000239   Thumb Code     2  startup_ctboard.o(.text)
    SVC_Handler                              0x0800023b   Thumb Code     2  startup_ctboard.o(.text)
    DebugMon_Handler                         0x0800023d   Thumb Code     2  startup_ctboard.o(.text)
    PendSV_Handler                           0x0800023f   Thumb Code     2  startup_ctboard.o(.text)
    SysTick_Handler                          0x08000241   Thumb Code     2  startup_ctboard.o(.text)
    ADC_IRQHandler                           0x08000243   Thumb Code     0  startup_ctboard.o(.text)
    CAN1_RX0_IRQHandler                      0x08000243   Thumb Code     0  startup_ctboard.o(.text)
    CAN1_RX1_IRQHandler                      0x08000243   Thumb Code     0  startup_ctboard.o(.text)
    CAN1_SCE_IRQHandler                      0x08000243   Thumb Code     0  startup_ctboard.o(.text)
    CAN1_TX_IRQHandler                       0x08000243   Thumb Code     0  startup_ctboard.o(.text)
    CAN2_RX0_IRQHandler                      0x08000243   Thumb Code     0  startup_ctboard.o(.text)
    CAN2_RX1_IRQHandler                      0x08000243   Thumb Code     0  startup_ctboard.o(.text)
    CAN2_SCE_IRQHandler                      0x08000243   Thumb Code     0  startup_ctboard.o(.text)
    CAN2_TX_IRQHandler                       0x08000243   Thumb Code     0  startup_ctboard.o(.text)
    CRYP_IRQHandler                          0x08000243   Thumb Code     0  startup_ctboard.o(.text)
    DCMI_IRQHandler                          0x08000243   Thumb Code     0  startup_ctboard.o(.text)
    DMA1_Stream0_IRQHandler                  0x08000243   Thumb Code     0  startup_ctboard.o(.text)
    DMA1_Stream1_IRQHandler                  0x08000243   Thumb Code     0  startup_ctboard.o(.text)
    DMA1_Stream2_IRQHandler                  0x08000243   Thumb Code     0  startup_ctboard.o(.text)
    DMA1_Stream3_IRQHandler                  0x08000243   Thumb Code     0  startup_ctboard.o(.text)
    DMA1_Stream4_IRQHandler                  0x08000243   Thumb Code     0  startup_ctboard.o(.text)
    DMA1_Stream5_IRQHandler                  0x08000243   Thumb Code     0  startup_ctboard.o(.text)
    DMA1_Stream6_IRQHandler                  0x08000243   Thumb Code     0  startup_ctboard.o(.text)
    DMA1_Stream7_IRQHandler                  0x08000243   Thumb Code     0  startup_ctboard.o(.text)
    DMA2D_IRQHandler                         0x08000243   Thumb Code     0  startup_ctboard.o(.text)
    DMA2_Stream0_IRQHandler                  0x08000243   Thumb Code     0  startup_ctboard.o(.text)
    DMA2_Stream1_IRQHandler                  0x08000243   Thumb Code     0  startup_ctboard.o(.text)
    DMA2_Stream2_IRQHandler                  0x08000243   Thumb Code     0  startup_ctboard.o(.text)
    DMA2_Stream3_IRQHandler                  0x08000243   Thumb Code     0  startup_ctboard.o(.text)
    DMA2_Stream4_IRQHandler                  0x08000243   Thumb Code     0  startup_ctboard.o(.text)
    DMA2_Stream5_IRQHandler                  0x08000243   Thumb Code     0  startup_ctboard.o(.text)
    DMA2_Stream6_IRQHandler                  0x08000243   Thumb Code     0  startup_ctboard.o(.text)
    DMA2_Stream7_IRQHandler                  0x08000243   Thumb Code     0  startup_ctboard.o(.text)
    ETH_IRQHandler                           0x08000243   Thumb Code     0  startup_ctboard.o(.text)
    ETH_WKUP_IRQHandler                      0x08000243   Thumb Code     0  startup_ctboard.o(.text)
    EXTI0_IRQHandler                         0x08000243   Thumb Code     0  startup_ctboard.o(.text)
    EXTI15_10_IRQHandler                     0x08000243   Thumb Code     0  startup_ctboard.o(.text)
    EXTI1_IRQHandler                         0x08000243   Thumb Code     0  startup_ctboard.o(.text)
    EXTI2_IRQHandler                         0x08000243   Thumb Code     0  startup_ctboard.o(.text)
    EXTI3_IRQHandler                         0x08000243   Thumb Code     0  startup_ctboard.o(.text)
    EXTI4_IRQHandler                         0x08000243   Thumb Code     0  startup_ctboard.o(.text)
    EXTI9_5_IRQHandler                       0x08000243   Thumb Code     0  startup_ctboard.o(.text)
    FLASH_IRQHandler                         0x08000243   Thumb Code     0  startup_ctboard.o(.text)
    FMC_IRQHandler                           0x08000243   Thumb Code     0  startup_ctboard.o(.text)
    FPU_IRQHandler                           0x08000243   Thumb Code     0  startup_ctboard.o(.text)
    HASH_RNG_IRQHandler                      0x08000243   Thumb Code     0  startup_ctboard.o(.text)
    I2C1_ER_IRQHandler                       0x08000243   Thumb Code     0  startup_ctboard.o(.text)
    I2C1_EV_IRQHandler                       0x08000243   Thumb Code     0  startup_ctboard.o(.text)
    I2C2_ER_IRQHandler                       0x08000243   Thumb Code     0  startup_ctboard.o(.text)
    I2C2_EV_IRQHandler                       0x08000243   Thumb Code     0  startup_ctboard.o(.text)
    I2C3_ER_IRQHandler                       0x08000243   Thumb Code     0  startup_ctboard.o(.text)
    I2C3_EV_IRQHandler                       0x08000243   Thumb Code     0  startup_ctboard.o(.text)
    LTDC_ER_IRQHandler                       0x08000243   Thumb Code     0  startup_ctboard.o(.text)
    LTDC_IRQHandler                          0x08000243   Thumb Code     0  startup_ctboard.o(.text)
    OTG_FS_IRQHandler                        0x08000243   Thumb Code     0  startup_ctboard.o(.text)
    OTG_FS_WKUP_IRQHandler                   0x08000243   Thumb Code     0  startup_ctboard.o(.text)
    OTG_HS_EP1_IN_IRQHandler                 0x08000243   Thumb Code     0  startup_ctboard.o(.text)
    OTG_HS_EP1_OUT_IRQHandler                0x08000243   Thumb Code     0  startup_ctboard.o(.text)
    OTG_HS_IRQHandler                        0x08000243   Thumb Code     0  startup_ctboard.o(.text)
    OTG_HS_WKUP_IRQHandler                   0x08000243   Thumb Code     0  startup_ctboard.o(.text)
    PVD_IRQHandler                           0x08000243   Thumb Code     0  startup_ctboard.o(.text)
    RCC_IRQHandler                           0x08000243   Thumb Code     0  startup_ctboard.o(.text)
    RTC_Alarm_IRQHandler                     0x08000243   Thumb Code     0  startup_ctboard.o(.text)
    RTC_WKUP_IRQHandler                      0x08000243   Thumb Code     0  startup_ctboard.o(.text)
    SAI1_IRQHandler                          0x08000243   Thumb Code     0  startup_ctboard.o(.text)
    SDIO_IRQHandler                          0x08000243   Thumb Code     0  startup_ctboard.o(.text)
    SPI1_IRQHandler                          0x08000243   Thumb Code     0  startup_ctboard.o(.text)
    SPI2_IRQHandler                          0x08000243   Thumb Code     0  startup_ctboard.o(.text)
    SPI3_IRQHandler                          0x08000243   Thumb Code     0  startup_ctboard.o(.text)
    SPI4_IRQHandler                          0x08000243   Thumb Code     0  startup_ctboard.o(.text)
    SPI5_IRQHandler                          0x08000243   Thumb Code     0  startup_ctboard.o(.text)
    SPI6_IRQHandler                          0x08000243   Thumb Code     0  startup_ctboard.o(.text)
    TAMP_STAMP_IRQHandler                    0x08000243   Thumb Code     0  startup_ctboard.o(.text)
    TIM1_BRK_TIM9_IRQHandler                 0x08000243   Thumb Code     0  startup_ctboard.o(.text)
    TIM1_CC_IRQHandler                       0x08000243   Thumb Code     0  startup_ctboard.o(.text)
    TIM1_TRG_COM_TIM11_IRQHandler            0x08000243   Thumb Code     0  startup_ctboard.o(.text)
    TIM1_UP_TIM10_IRQHandler                 0x08000243   Thumb Code     0  startup_ctboard.o(.text)
    TIM2_IRQHandler                          0x08000243   Thumb Code     0  startup_ctboard.o(.text)
    TIM3_IRQHandler                          0x08000243   Thumb Code     0  startup_ctboard.o(.text)
    TIM4_IRQHandler                          0x08000243   Thumb Code     0  startup_ctboard.o(.text)
    TIM5_IRQHandler                          0x08000243   Thumb Code     0  startup_ctboard.o(.text)
    TIM6_DAC_IRQHandler                      0x08000243   Thumb Code     0  startup_ctboard.o(.text)
    TIM7_IRQHandler                          0x08000243   Thumb Code     0  startup_ctboard.o(.text)
    TIM8_BRK_TIM12_IRQHandler                0x08000243   Thumb Code     0  startup_ctboard.o(.text)
    TIM8_CC_IRQHandler                       0x08000243   Thumb Code     0  startup_ctboard.o(.text)
    TIM8_TRG_COM_TIM14_IRQHandler            0x08000243   Thumb Code     0  startup_ctboard.o(.text)
    TIM8_UP_TIM13_IRQHandler                 0x08000243   Thumb Code     0  startup_ctboard.o(.text)
    UART4_IRQHandler                         0x08000243   Thumb Code     0  startup_ctboard.o(.text)
    UART5_IRQHandler                         0x08000243   Thumb Code     0  startup_ctboard.o(.text)
    UART7_IRQHandler                         0x08000243   Thumb Code     0  startup_ctboard.o(.text)
    UART8_IRQHandler                         0x08000243   Thumb Code     0  startup_ctboard.o(.text)
    USART1_IRQHandler                        0x08000243   Thumb Code     0  startup_ctboard.o(.text)
    USART2_IRQHandler                        0x08000243   Thumb Code     0  startup_ctboard.o(.text)
    USART3_IRQHandler                        0x08000243   Thumb Code     0  startup_ctboard.o(.text)
    USART6_IRQHandler                        0x08000243   Thumb Code     0  startup_ctboard.o(.text)
    WWDG_IRQHandler                          0x08000243   Thumb Code     0  startup_ctboard.o(.text)
    __aeabi_uidiv                            0x0800024d   Thumb Code     0  aeabi_sdiv.o(.text)
    __aeabi_uidivmod                         0x0800024d   Thumb Code    20  aeabi_sdiv.o(.text)
    __aeabi_idiv                             0x08000261   Thumb Code     0  aeabi_sdiv.o(.text)
    __aeabi_idivmod                          0x08000261   Thumb Code   338  aeabi_sdiv.o(.text)
    __system                                 0x080003b9   Thumb Code     8  system_ctboard.o(.text.__system)
    hal_fmc_init_sram                        0x0800045d   Thumb Code   564  hal_fmc.o(.text.hal_fmc_init_sram)
    hal_gpio_init_alternate                  0x080006ad   Thumb Code   194  hal_gpio.o(.text.hal_gpio_init_alternate)
    hal_gpio_init_output                     0x0800076f   Thumb Code   208  hal_gpio.o(.text.hal_gpio_init_output)
    hal_pwr_set_overdrive                    0x0800083f   Thumb Code    12  hal_pwr.o(.text.hal_pwr_set_overdrive)
    hal_rcc_reset                            0x0800084d   Thumb Code   148  hal_rcc.o(.text.hal_rcc_reset)
    hal_rcc_set_osc                          0x08000951   Thumb Code   268  hal_rcc.o(.text.hal_rcc_set_osc)
    hal_rcc_setup_clock                      0x08000a65   Thumb Code   160  hal_rcc.o(.text.hal_rcc_setup_clock)
    hal_rcc_setup_pll                        0x08000b0d   Thumb Code   328  hal_rcc.o(.text.hal_rcc_setup_pll)
    main                                     0x08000f25   Thumb Code    56  main.o(.text.main)
    read_word                                0x08000f71   Thumb Code    16  utils_ctboard.o(.text.read_word)
    system_enter_run                         0x08000f81   Thumb Code    20  system_ctboard.o(.text.system_enter_run)
    write_byte                               0x08000f95   Thumb Code    22  utils_ctboard.o(.text.write_byte)
    write_word                               0x08000fab   Thumb Code    20  utils_ctboard.o(.text.write_word)
    patterns                                 0x08000fbe   Data          16  main.o(.rodata.patterns)
    Image$$RO$$Limit                         0x08000fd0   Number         0  anon$$obj.o ABSOLUTE
    Image$$RW$$Base                          0x20000000   Number         0  anon$$obj.o ABSOLUTE
    Image$$ZI$$Base                          0x20000000   Number         0  anon$$obj.o ABSOLUTE
    Stack_Mem                                0x20000000   Data        8192  startup_ctboard.o(STACK)
    Image$$ZI$$Limit                         0x20002000   Number         0  anon$$obj.o ABSOLUTE



==============================================================================

Memory Map of the image

  Image Entry point : 0x08000229

  Load Region LR_1 (Base: 0x08000000, Size: 0x00000fd0, Max: 0xffffffff, ABSOLUTE)

    Execution Region ER_RO (Exec base: 0x08000000, Load base: 0x08000000, Size: 0x00000fd0, Max: 0xffffffff, ABSOLUTE)

    Exec Addr    Load Addr    Size         Type   Attr      Idx    E Section Name        Object

    0x08000000   0x08000000   0x000001ac   Data   RO           42    RESET               startup_ctboard.o
    0x080001ac   0x080001ac   0x0000007c   Code   RO           34    .text               datainit_ctboard.o
    0x08000228   0x08000228   0x00000024   Code   RO           43  * .text               startup_ctboard.o
    0x0800024c   0x0800024c   0x0000016c   Code   RO          183    .text               c_p.l(aeabi_sdiv.o)
    0x080003b8   0x080003b8   0x00000008   Code   RO           48    .text.__system      system_ctboard.o
    0x080003c0   0x080003c0   0x0000009c   Code   RO          109    .text.create_pattern_mask  hal_gpio.o
    0x0800045c   0x0800045c   0x00000250   Code   RO           94    .text.hal_fmc_init_sram  hal_fmc.o
    0x080006ac   0x080006ac   0x000000c2   Code   RO          115    .text.hal_gpio_init_alternate  hal_gpio.o
    0x0800076e   0x0800076e   0x000000d0   Code   RO          113    .text.hal_gpio_init_output  hal_gpio.o
    0x0800083e   0x0800083e   0x0000000c   Code   RO          154    .text.hal_pwr_set_overdrive  hal_pwr.o
    0x0800084a   0x0800084a   0x00000002   PAD
    0x0800084c   0x0800084c   0x00000104   Code   RO          165    .text.hal_rcc_reset  hal_rcc.o
    0x08000950   0x08000950   0x00000114   Code   RO          169    .text.hal_rcc_set_osc  hal_rcc.o
    0x08000a64   0x08000a64   0x000000a8   Code   RO          173    .text.hal_rcc_setup_clock  hal_rcc.o
    0x08000b0c   0x08000b0c   0x00000160   Code   RO          171    .text.hal_rcc_setup_pll  hal_rcc.o
    0x08000c6c   0x08000c6c   0x0000017c   Code   RO           56    .text.init_FMC_SRAM  system_ctboard.o
    0x08000de8   0x08000de8   0x00000002   Code   RO           54    .text.init_FPU      system_ctboard.o
    0x08000dea   0x08000dea   0x00000002   PAD
    0x08000dec   0x08000dec   0x00000024   Code   RO           58    .text.init_LCD      system_ctboard.o
    0x08000e10   0x08000e10   0x000000d8   Code   RO           52    .text.init_SystemClock  system_ctboard.o
    0x08000ee8   0x08000ee8   0x0000003c   Code   RO          107    .text.intercept_overwrite_register  hal_gpio.o
    0x08000f24   0x08000f24   0x0000004c   Code   RO            2    .text.main          main.o
    0x08000f70   0x08000f70   0x00000010   Code   RO           16    .text.read_word     utils_ctboard.o
    0x08000f80   0x08000f80   0x00000014   Code   RO           50    .text.system_enter_run  system_ctboard.o
    0x08000f94   0x08000f94   0x00000016   Code   RO           20    .text.write_byte    utils_ctboard.o
    0x08000faa   0x08000faa   0x00000014   Code   RO           24    .text.write_word    utils_ctboard.o
    0x08000fbe   0x08000fbe   0x00000010   Data   RO            4    .rodata.patterns    main.o


    Execution Region ER_RW (Exec base: 0x20000000, Load base: 0x08000fd0, Size: 0x00000000, Max: 0xffffffff, ABSOLUTE)

    **** No section assigned to this execution region ****


    Execution Region ER_ZI (Exec base: 0x20000000, Load base: 0x08000fd0, Size: 0x00002000, Max: 0xffffffff, ABSOLUTE)

    Exec Addr    Load Addr    Size         Type   Attr      Idx    E Section Name        Object

    0x20000000        -       0x00002000   Zero   RW           40    STACK               startup_ctboard.o


==============================================================================

Image component sizes


      Code (inc. data)   RO Data    RW Data    ZI Data      Debug   Object Name

       124         50          0          0          0        436   datainit_ctboard.o
       592         44          0          0          0       3225   hal_fmc.o
       618         12          0          0          0       8725   hal_gpio.o
        12          0          0          0          0       2030   hal_pwr.o
      1056        152          0          0          0       4860   hal_rcc.o
        76         20         16          0          0        778   main.o
        36          8        428          0       8192        804   startup_ctboard.o
       662         64          0          0          0       6912   system_ctboard.o
        58          0          0          0          0       1709   utils_ctboard.o

    ----------------------------------------------------------------------
      3238        350        446          0       8192      29479   Object Totals
         0          0          0          0          0          0   (incl. Generated)
         4          0          2          0          0          0   (incl. Padding)

    ----------------------------------------------------------------------

      Code (inc. data)   RO Data    RW Data    ZI Data      Debug   Library Member Name

       364          4          0          0          0         92   aeabi_sdiv.o

    ----------------------------------------------------------------------
       364          4          0          0          0         92   Library Totals
         0          0          0          0          0          0   (incl. Padding)

    ----------------------------------------------------------------------

      Code (inc. data)   RO Data    RW Data    ZI Data      Debug   Library Name

       364          4          0          0          0         92   c_p.l

    ----------------------------------------------------------------------
       364          4          0          0          0         92   Library Totals

    ----------------------------------------------------------------------

==============================================================================


      Code (inc. data)   RO Data    RW Data    ZI Data      Debug   

      3602        354        446          0       8192      29347   Grand Totals
      3602        354        446          0       8192      29347   ELF Image Totals
      3602        354        446          0          0          0   ROM Totals

==============================================================================

    Total RO  Size (Code + RO Data)                 4048 (   3.95kB)
    Total RW  Size (RW Data + ZI Data)              8192 (   8.00kB)
    Total ROM Size (Code + RO Data + RW Data)       4048 (   3.95kB)

==============================================================================

