Component: Arm Compiler for Embedded 6.18 Tool: armlink [5e4cc100]

==============================================================================

Section Cross References

    transbf.o(MyCode) refers to transbf.o(MyAsmConst) for addr_dip_switch
    transbf.o(MyCode) refers to transbf.o(MyAsmVar) for store_table
    datainit_ctboard.o(.text) refers (Weak) to startup_ctboard.o(STACK) for Stack_Mem
    datainit_ctboard.o(.text) refers to transbf.o(MyCode) for main
    startup_ctboard.o(RESET) refers to startup_ctboard.o(STACK) for __initial_sp
    startup_ctboard.o(RESET) refers to startup_ctboard.o(.text) for Reset_Handler
    startup_ctboard.o(.text) refers to system_ctboard.o(.text) for __system
    startup_ctboard.o(.text) refers to datainit_ctboard.o(.text) for __main
    system_ctboard.o(.text) refers to hal_rcc.o(.text) for hal_rcc_reset
    system_ctboard.o(.text) refers to hal_pwr.o(.text) for hal_pwr_set_overdrive
    system_ctboard.o(.text) refers to hal_gpio.o(.text) for hal_gpio_init_alternate
    system_ctboard.o(.text) refers to hal_fmc.o(.text) for hal_fmc_init_sram
    system_ctboard.o(.ARM.exidx) refers to system_ctboard.o(.text) for [Anonymous Symbol]
    hal_fmc.o(.ARM.exidx) refers to hal_fmc.o(.text) for [Anonymous Symbol]
    hal_gpio.o(.ARM.exidx) refers to hal_gpio.o(.text) for [Anonymous Symbol]
    hal_pwr.o(.ARM.exidx) refers to hal_pwr.o(.text) for [Anonymous Symbol]
    hal_rcc.o(.ARM.exidx) refers to hal_rcc.o(.text) for [Anonymous Symbol]


==============================================================================

Removing Unused input sections from the image.

    Removing startup_ctboard.o(HEAP), (2048 bytes).
    Removing system_ctboard.o(.ARM.exidx), (40 bytes).
    Removing hal_fmc.o(.ARM.exidx), (16 bytes).
    Removing hal_gpio.o(.ARM.exidx), (112 bytes).
    Removing hal_pwr.o(.ARM.exidx), (56 bytes).
    Removing hal_rcc.o(.ARM.exidx), (40 bytes).

6 unused section(s) (total 2312 bytes) removed from the image.

==============================================================================

Image Symbol Table

    Local Symbols

    Symbol Name                              Value     Ov Type        Size  Object(Section)

    RTE/Device/CT_Board_HS14_M0/datainit_ctboard.s 0x00000000   Number         0  datainit_ctboard.o ABSOLUTE
    RTE/Device/CT_Board_HS14_M0/startup_ctboard.s 0x00000000   Number         0  startup_ctboard.o ABSOLUTE
    app\transbf.s                            0x00000000   Number         0  transbf.o ABSOLUTE
    hal_fmc.c                                0x00000000   Number         0  hal_fmc.o ABSOLUTE
    hal_gpio.c                               0x00000000   Number         0  hal_gpio.o ABSOLUTE
    hal_pwr.c                                0x00000000   Number         0  hal_pwr.o ABSOLUTE
    hal_rcc.c                                0x00000000   Number         0  hal_rcc.o ABSOLUTE
    system_ctboard.c                         0x00000000   Number         0  system_ctboard.o ABSOLUTE
    RESET                                    0x08000000   Section      428  startup_ctboard.o(RESET)
    .text                                    0x080001ac   Section      124  datainit_ctboard.o(.text)
    .text                                    0x08000228   Section       36  startup_ctboard.o(.text)
    [Anonymous Symbol]                       0x0800024c   Section        0  system_ctboard.o(.text)
    __arm_cp.1_0                             0x0800036c   Number         4  system_ctboard.o(.text)
    __arm_cp.1_1                             0x08000370   Number         4  system_ctboard.o(.text)
    __arm_cp.1_2                             0x08000374   Number         4  system_ctboard.o(.text)
    __arm_cp.1_3                             0x08000378   Number         4  system_ctboard.o(.text)
    __arm_cp.1_4                             0x0800037c   Number         4  system_ctboard.o(.text)
    __arm_cp.1_5                             0x08000380   Number         4  system_ctboard.o(.text)
    __arm_cp.1_6                             0x08000384   Number         4  system_ctboard.o(.text)
    __arm_cp.1_7                             0x08000388   Number         4  system_ctboard.o(.text)
    __arm_cp.1_8                             0x0800038c   Number         4  system_ctboard.o(.text)
    __arm_cp.1_9                             0x08000390   Number         4  system_ctboard.o(.text)
    __arm_cp.1_10                            0x08000394   Number         4  system_ctboard.o(.text)
    __arm_cp.1_11                            0x08000398   Number         4  system_ctboard.o(.text)
    __arm_cp.1_12                            0x0800039c   Number         4  system_ctboard.o(.text)
    __arm_cp.1_13                            0x080003a0   Number         4  system_ctboard.o(.text)
    __arm_cp.1_14                            0x080003a4   Number         4  system_ctboard.o(.text)
    [Anonymous Symbol]                       0x080003b0   Section        0  hal_fmc.o(.text)
    __arm_cp.0_0                             0x080003ec   Number         4  hal_fmc.o(.text)
    __arm_cp.0_1                             0x080003f0   Number         4  hal_fmc.o(.text)
    __arm_cp.0_2                             0x080003f4   Number         4  hal_fmc.o(.text)
    __arm_cp.1_0                             0x08000500   Number         4  hal_fmc.o(.text)
    [Anonymous Symbol]                       0x08000504   Section        0  hal_gpio.o(.text)
    __arm_cp.0_0                             0x08000548   Number         4  hal_gpio.o(.text)
    __arm_cp.0_1                             0x0800054c   Number         4  hal_gpio.o(.text)
    __arm_cp.1_0                             0x080005ec   Number         4  hal_gpio.o(.text)
    __arm_cp.1_1                             0x080005f0   Number         4  hal_gpio.o(.text)
    __arm_cp.2_0                             0x080006e4   Number         4  hal_gpio.o(.text)
    __arm_cp.2_1                             0x080006e8   Number         4  hal_gpio.o(.text)
    __arm_cp.3_0                             0x08000800   Number         4  hal_gpio.o(.text)
    __arm_cp.3_1                             0x08000804   Number         4  hal_gpio.o(.text)
    __arm_cp.7_0                             0x08000930   Number         4  hal_gpio.o(.text)
    __arm_cp.7_1                             0x08000934   Number         4  hal_gpio.o(.text)
    __arm_cp.8_0                             0x08000950   Number         4  hal_gpio.o(.text)
    __arm_cp.8_1                             0x08000954   Number         4  hal_gpio.o(.text)
    __arm_cp.9_0                             0x08000974   Number         4  hal_gpio.o(.text)
    __arm_cp.9_1                             0x08000978   Number         4  hal_gpio.o(.text)
    __arm_cp.10_0                            0x08000998   Number         4  hal_gpio.o(.text)
    __arm_cp.10_1                            0x0800099c   Number         4  hal_gpio.o(.text)
    __arm_cp.11_0                            0x08000ac4   Number         4  hal_gpio.o(.text)
    __arm_cp.11_1                            0x08000ac8   Number         4  hal_gpio.o(.text)
    __arm_cp.11_2                            0x08000acc   Number         4  hal_gpio.o(.text)
    __arm_cp.11_3                            0x08000ad0   Number         4  hal_gpio.o(.text)
    __arm_cp.11_4                            0x08000ad4   Number         4  hal_gpio.o(.text)
    __arm_cp.11_5                            0x08000ad8   Number         4  hal_gpio.o(.text)
    __arm_cp.12_0                            0x08000af4   Number         4  hal_gpio.o(.text)
    __arm_cp.13_0                            0x08000b04   Number         4  hal_gpio.o(.text)
    [Anonymous Symbol]                       0x08000b08   Section        0  hal_pwr.o(.text)
    __arm_cp.0_0                             0x08000b18   Number         4  hal_pwr.o(.text)
    __arm_cp.1_0                             0x08000b54   Number         4  hal_pwr.o(.text)
    __arm_cp.2_0                             0x08000b70   Number         4  hal_pwr.o(.text)
    __arm_cp.3_0                             0x08000b8c   Number         4  hal_pwr.o(.text)
    __arm_cp.4_0                             0x08000ba8   Number         4  hal_pwr.o(.text)
    [Anonymous Symbol]                       0x08000bb4   Section        0  hal_rcc.o(.text)
    __arm_cp.0_0                             0x08000c1c   Number         4  hal_rcc.o(.text)
    __arm_cp.0_1                             0x08000c20   Number         4  hal_rcc.o(.text)
    __arm_cp.0_2                             0x08000c24   Number         4  hal_rcc.o(.text)
    __arm_cp.0_3                             0x08000c28   Number         4  hal_rcc.o(.text)
    __arm_cp.0_4                             0x08000c2c   Number         4  hal_rcc.o(.text)
    __arm_cp.0_5                             0x08000c30   Number         4  hal_rcc.o(.text)
    __arm_cp.0_6                             0x08000c34   Number         4  hal_rcc.o(.text)
    __arm_cp.0_7                             0x08000c38   Number         4  hal_rcc.o(.text)
    __arm_cp.1_0                             0x08000d20   Number         4  hal_rcc.o(.text)
    __arm_cp.2_0                             0x08000d90   Number         4  hal_rcc.o(.text)
    __arm_cp.2_1                             0x08000d94   Number         4  hal_rcc.o(.text)
    __arm_cp.3_0                             0x08000e74   Number         4  hal_rcc.o(.text)
    __arm_cp.3_1                             0x08000e78   Number         4  hal_rcc.o(.text)
    __arm_cp.3_2                             0x08000e7c   Number         4  hal_rcc.o(.text)
    __arm_cp.3_3                             0x08000e80   Number         4  hal_rcc.o(.text)
    __arm_cp.3_4                             0x08000e84   Number         4  hal_rcc.o(.text)
    __arm_cp.3_5                             0x08000e88   Number         4  hal_rcc.o(.text)
    __arm_cp.4_0                             0x08000edc   Number         4  hal_rcc.o(.text)
    __arm_cp.4_1                             0x08000ee0   Number         4  hal_rcc.o(.text)
    MyCode                                   0x08000ee4   Section       92  transbf.o(MyCode)
    addr_dip_switch                          0x08000f40   Data           4  transbf.o(MyAsmConst)
    MyAsmConst                               0x08000f40   Section       20  transbf.o(MyAsmConst)
    const_table                              0x08000f44   Data          16  transbf.o(MyAsmConst)
    store_table                              0x20000000   Data          16  transbf.o(MyAsmVar)
    MyAsmVar                                 0x20000000   Section       16  transbf.o(MyAsmVar)
    STACK                                    0x20000010   Section     8192  startup_ctboard.o(STACK)
    __initial_sp                             0x20002010   Data           0  startup_ctboard.o(STACK)

    Global Symbols

    Symbol Name                              Value     Ov Type        Size  Object(Section)

    BuildAttributes$$THM_ISAv3M$S$PE$A:L22$X:L11$S22$IEEE1$IW$~IW$USESV6$~STKCKD$USESV7$WCHAR32$ENUMINT$~SHL$OTIME$EBA8$STANDARDLIB$REQ8$PRES8$EABIv2 0x00000000   Number         0  anon$$obj.o ABSOLUTE
    Image$$RO$$Limit                          - Undefined Weak Reference
    Image$$RW$$Base                           - Undefined Weak Reference
    Image$$ZI$$Base                           - Undefined Weak Reference
    Image$$ZI$$Limit                          - Undefined Weak Reference
    __Vectors_Size                           0x000001ac   Number         0  startup_ctboard.o ABSOLUTE
    Stack_Size                               0x00002000   Number         0  startup_ctboard.o ABSOLUTE
    __Vectors                                0x08000000   Data           4  startup_ctboard.o(RESET)
    __Vectors_End                            0x080001ac   Data           0  startup_ctboard.o(RESET)
    __main                                   0x080001ad   Thumb Code    74  datainit_ctboard.o(.text)
    Reset_Handler                            0x08000229   Thumb Code     8  startup_ctboard.o(.text)
    NMI_Handler                              0x08000231   Thumb Code     2  startup_ctboard.o(.text)
    HardFault_Handler                        0x08000233   Thumb Code     2  startup_ctboard.o(.text)
    MemManage_Handler                        0x08000235   Thumb Code     2  startup_ctboard.o(.text)
    BusFault_Handler                         0x08000237   Thumb Code     2  startup_ctboard.o(.text)
    UsageFault_Handler                       0x08000239   Thumb Code     2  startup_ctboard.o(.text)
    SVC_Handler                              0x0800023b   Thumb Code     2  startup_ctboard.o(.text)
    DebugMon_Handler                         0x0800023d   Thumb Code     2  startup_ctboard.o(.text)
    PendSV_Handler                           0x0800023f   Thumb Code     2  startup_ctboard.o(.text)
    SysTick_Handler                          0x08000241   Thumb Code     2  startup_ctboard.o(.text)
    ADC_IRQHandler                           0x08000243   Thumb Code     0  startup_ctboard.o(.text)
    CAN1_RX0_IRQHandler                      0x08000243   Thumb Code     0  startup_ctboard.o(.text)
    CAN1_RX1_IRQHandler                      0x08000243   Thumb Code     0  startup_ctboard.o(.text)
    CAN1_SCE_IRQHandler                      0x08000243   Thumb Code     0  startup_ctboard.o(.text)
    CAN1_TX_IRQHandler                       0x08000243   Thumb Code     0  startup_ctboard.o(.text)
    CAN2_RX0_IRQHandler                      0x08000243   Thumb Code     0  startup_ctboard.o(.text)
    CAN2_RX1_IRQHandler                      0x08000243   Thumb Code     0  startup_ctboard.o(.text)
    CAN2_SCE_IRQHandler                      0x08000243   Thumb Code     0  startup_ctboard.o(.text)
    CAN2_TX_IRQHandler                       0x08000243   Thumb Code     0  startup_ctboard.o(.text)
    CRYP_IRQHandler                          0x08000243   Thumb Code     0  startup_ctboard.o(.text)
    DCMI_IRQHandler                          0x08000243   Thumb Code     0  startup_ctboard.o(.text)
    DMA1_Stream0_IRQHandler                  0x08000243   Thumb Code     0  startup_ctboard.o(.text)
    DMA1_Stream1_IRQHandler                  0x08000243   Thumb Code     0  startup_ctboard.o(.text)
    DMA1_Stream2_IRQHandler                  0x08000243   Thumb Code     0  startup_ctboard.o(.text)
    DMA1_Stream3_IRQHandler                  0x08000243   Thumb Code     0  startup_ctboard.o(.text)
    DMA1_Stream4_IRQHandler                  0x08000243   Thumb Code     0  startup_ctboard.o(.text)
    DMA1_Stream5_IRQHandler                  0x08000243   Thumb Code     0  startup_ctboard.o(.text)
    DMA1_Stream6_IRQHandler                  0x08000243   Thumb Code     0  startup_ctboard.o(.text)
    DMA1_Stream7_IRQHandler                  0x08000243   Thumb Code     0  startup_ctboard.o(.text)
    DMA2D_IRQHandler                         0x08000243   Thumb Code     0  startup_ctboard.o(.text)
    DMA2_Stream0_IRQHandler                  0x08000243   Thumb Code     0  startup_ctboard.o(.text)
    DMA2_Stream1_IRQHandler                  0x08000243   Thumb Code     0  startup_ctboard.o(.text)
    DMA2_Stream2_IRQHandler                  0x08000243   Thumb Code     0  startup_ctboard.o(.text)
    DMA2_Stream3_IRQHandler                  0x08000243   Thumb Code     0  startup_ctboard.o(.text)
    DMA2_Stream4_IRQHandler                  0x08000243   Thumb Code     0  startup_ctboard.o(.text)
    DMA2_Stream5_IRQHandler                  0x08000243   Thumb Code     0  startup_ctboard.o(.text)
    DMA2_Stream6_IRQHandler                  0x08000243   Thumb Code     0  startup_ctboard.o(.text)
    DMA2_Stream7_IRQHandler                  0x08000243   Thumb Code     0  startup_ctboard.o(.text)
    ETH_IRQHandler                           0x08000243   Thumb Code     0  startup_ctboard.o(.text)
    ETH_WKUP_IRQHandler                      0x08000243   Thumb Code     0  startup_ctboard.o(.text)
    EXTI0_IRQHandler                         0x08000243   Thumb Code     0  startup_ctboard.o(.text)
    EXTI15_10_IRQHandler                     0x08000243   Thumb Code     0  startup_ctboard.o(.text)
    EXTI1_IRQHandler                         0x08000243   Thumb Code     0  startup_ctboard.o(.text)
    EXTI2_IRQHandler                         0x08000243   Thumb Code     0  startup_ctboard.o(.text)
    EXTI3_IRQHandler                         0x08000243   Thumb Code     0  startup_ctboard.o(.text)
    EXTI4_IRQHandler                         0x08000243   Thumb Code     0  startup_ctboard.o(.text)
    EXTI9_5_IRQHandler                       0x08000243   Thumb Code     0  startup_ctboard.o(.text)
    FLASH_IRQHandler                         0x08000243   Thumb Code     0  startup_ctboard.o(.text)
    FMC_IRQHandler                           0x08000243   Thumb Code     0  startup_ctboard.o(.text)
    FPU_IRQHandler                           0x08000243   Thumb Code     0  startup_ctboard.o(.text)
    HASH_RNG_IRQHandler                      0x08000243   Thumb Code     0  startup_ctboard.o(.text)
    I2C1_ER_IRQHandler                       0x08000243   Thumb Code     0  startup_ctboard.o(.text)
    I2C1_EV_IRQHandler                       0x08000243   Thumb Code     0  startup_ctboard.o(.text)
    I2C2_ER_IRQHandler                       0x08000243   Thumb Code     0  startup_ctboard.o(.text)
    I2C2_EV_IRQHandler                       0x08000243   Thumb Code     0  startup_ctboard.o(.text)
    I2C3_ER_IRQHandler                       0x08000243   Thumb Code     0  startup_ctboard.o(.text)
    I2C3_EV_IRQHandler                       0x08000243   Thumb Code     0  startup_ctboard.o(.text)
    LTDC_ER_IRQHandler                       0x08000243   Thumb Code     0  startup_ctboard.o(.text)
    LTDC_IRQHandler                          0x08000243   Thumb Code     0  startup_ctboard.o(.text)
    OTG_FS_IRQHandler                        0x08000243   Thumb Code     0  startup_ctboard.o(.text)
    OTG_FS_WKUP_IRQHandler                   0x08000243   Thumb Code     0  startup_ctboard.o(.text)
    OTG_HS_EP1_IN_IRQHandler                 0x08000243   Thumb Code     0  startup_ctboard.o(.text)
    OTG_HS_EP1_OUT_IRQHandler                0x08000243   Thumb Code     0  startup_ctboard.o(.text)
    OTG_HS_IRQHandler                        0x08000243   Thumb Code     0  startup_ctboard.o(.text)
    OTG_HS_WKUP_IRQHandler                   0x08000243   Thumb Code     0  startup_ctboard.o(.text)
    PVD_IRQHandler                           0x08000243   Thumb Code     0  startup_ctboard.o(.text)
    RCC_IRQHandler                           0x08000243   Thumb Code     0  startup_ctboard.o(.text)
    RTC_Alarm_IRQHandler                     0x08000243   Thumb Code     0  startup_ctboard.o(.text)
    RTC_WKUP_IRQHandler                      0x08000243   Thumb Code     0  startup_ctboard.o(.text)
    SAI1_IRQHandler                          0x08000243   Thumb Code     0  startup_ctboard.o(.text)
    SDIO_IRQHandler                          0x08000243   Thumb Code     0  startup_ctboard.o(.text)
    SPI1_IRQHandler                          0x08000243   Thumb Code     0  startup_ctboard.o(.text)
    SPI2_IRQHandler                          0x08000243   Thumb Code     0  startup_ctboard.o(.text)
    SPI3_IRQHandler                          0x08000243   Thumb Code     0  startup_ctboard.o(.text)
    SPI4_IRQHandler                          0x08000243   Thumb Code     0  startup_ctboard.o(.text)
    SPI5_IRQHandler                          0x08000243   Thumb Code     0  startup_ctboard.o(.text)
    SPI6_IRQHandler                          0x08000243   Thumb Code     0  startup_ctboard.o(.text)
    TAMP_STAMP_IRQHandler                    0x08000243   Thumb Code     0  startup_ctboard.o(.text)
    TIM1_BRK_TIM9_IRQHandler                 0x08000243   Thumb Code     0  startup_ctboard.o(.text)
    TIM1_CC_IRQHandler                       0x08000243   Thumb Code     0  startup_ctboard.o(.text)
    TIM1_TRG_COM_TIM11_IRQHandler            0x08000243   Thumb Code     0  startup_ctboard.o(.text)
    TIM1_UP_TIM10_IRQHandler                 0x08000243   Thumb Code     0  startup_ctboard.o(.text)
    TIM2_IRQHandler                          0x08000243   Thumb Code     0  startup_ctboard.o(.text)
    TIM3_IRQHandler                          0x08000243   Thumb Code     0  startup_ctboard.o(.text)
    TIM4_IRQHandler                          0x08000243   Thumb Code     0  startup_ctboard.o(.text)
    TIM5_IRQHandler                          0x08000243   Thumb Code     0  startup_ctboard.o(.text)
    TIM6_DAC_IRQHandler                      0x08000243   Thumb Code     0  startup_ctboard.o(.text)
    TIM7_IRQHandler                          0x08000243   Thumb Code     0  startup_ctboard.o(.text)
    TIM8_BRK_TIM12_IRQHandler                0x08000243   Thumb Code     0  startup_ctboard.o(.text)
    TIM8_CC_IRQHandler                       0x08000243   Thumb Code     0  startup_ctboard.o(.text)
    TIM8_TRG_COM_TIM14_IRQHandler            0x08000243   Thumb Code     0  startup_ctboard.o(.text)
    TIM8_UP_TIM13_IRQHandler                 0x08000243   Thumb Code     0  startup_ctboard.o(.text)
    UART4_IRQHandler                         0x08000243   Thumb Code     0  startup_ctboard.o(.text)
    UART5_IRQHandler                         0x08000243   Thumb Code     0  startup_ctboard.o(.text)
    UART7_IRQHandler                         0x08000243   Thumb Code     0  startup_ctboard.o(.text)
    UART8_IRQHandler                         0x08000243   Thumb Code     0  startup_ctboard.o(.text)
    USART1_IRQHandler                        0x08000243   Thumb Code     0  startup_ctboard.o(.text)
    USART2_IRQHandler                        0x08000243   Thumb Code     0  startup_ctboard.o(.text)
    USART3_IRQHandler                        0x08000243   Thumb Code     0  startup_ctboard.o(.text)
    USART6_IRQHandler                        0x08000243   Thumb Code     0  startup_ctboard.o(.text)
    WWDG_IRQHandler                          0x08000243   Thumb Code     0  startup_ctboard.o(.text)
    __system                                 0x0800024d   Thumb Code     8  system_ctboard.o(.text)
    system_enter_run                         0x08000255   Thumb Code   280  system_ctboard.o(.text)
    system_enter_sleep                       0x080003a9   Thumb Code     2  system_ctboard.o(.text)
    system_enter_stop                        0x080003ab   Thumb Code     2  system_ctboard.o(.text)
    system_enter_standby                     0x080003ad   Thumb Code     2  system_ctboard.o(.text)
    hal_fmc_reset                            0x080003b1   Thumb Code    60  hal_fmc.o(.text)
    hal_fmc_init_sram                        0x080003f9   Thumb Code   264  hal_fmc.o(.text)
    hal_gpio_reset                           0x08000505   Thumb Code    68  hal_gpio.o(.text)
    hal_gpio_init_input                      0x08000551   Thumb Code   156  hal_gpio.o(.text)
    hal_gpio_init_analog                     0x080005f5   Thumb Code   240  hal_gpio.o(.text)
    hal_gpio_init_output                     0x080006ed   Thumb Code   276  hal_gpio.o(.text)
    hal_gpio_init_alternate                  0x08000809   Thumb Code   262  hal_gpio.o(.text)
    hal_gpio_input_read                      0x0800090f   Thumb Code     6  hal_gpio.o(.text)
    hal_gpio_output_read                     0x08000915   Thumb Code     6  hal_gpio.o(.text)
    hal_gpio_output_write                    0x0800091d   Thumb Code    20  hal_gpio.o(.text)
    hal_gpio_bit_set                         0x08000939   Thumb Code    24  hal_gpio.o(.text)
    hal_gpio_bit_reset                       0x08000959   Thumb Code    28  hal_gpio.o(.text)
    hal_gpio_bit_toggle                      0x0800097d   Thumb Code    28  hal_gpio.o(.text)
    hal_gpio_irq_set                         0x080009a1   Thumb Code   292  hal_gpio.o(.text)
    hal_gpio_irq_status                      0x08000add   Thumb Code    24  hal_gpio.o(.text)
    hal_gpio_irq_clear                       0x08000af9   Thumb Code    12  hal_gpio.o(.text)
    hal_pwr_reset                            0x08000b09   Thumb Code    16  hal_pwr.o(.text)
    hal_pwr_set_backup_domain                0x08000b1d   Thumb Code    56  hal_pwr.o(.text)
    hal_pwr_set_backup_access                0x08000b59   Thumb Code    24  hal_pwr.o(.text)
    hal_pwr_set_wakeup_pin                   0x08000b75   Thumb Code    24  hal_pwr.o(.text)
    hal_pwr_set_flash_powerdown              0x08000b91   Thumb Code    24  hal_pwr.o(.text)
    hal_pwr_set_overdrive                    0x08000bad   Thumb Code     4  hal_pwr.o(.text)
    hal_pwr_set_underdrive                   0x08000bb1   Thumb Code     4  hal_pwr.o(.text)
    hal_rcc_reset                            0x08000bb5   Thumb Code   104  hal_rcc.o(.text)
    hal_rcc_set_peripheral                   0x08000c3d   Thumb Code   228  hal_rcc.o(.text)
    hal_rcc_set_osc                          0x08000d25   Thumb Code   108  hal_rcc.o(.text)
    hal_rcc_setup_pll                        0x08000d99   Thumb Code   220  hal_rcc.o(.text)
    hal_rcc_setup_clock                      0x08000e8d   Thumb Code    80  hal_rcc.o(.text)
    main                                     0x08000ee5   Thumb Code    72  transbf.o(MyCode)
    Image$$ER_IROM1$$Limit                   0x08000f54   Number         0  anon$$obj.o ABSOLUTE
    Image$$RW_IRAM1$$Base                    0x20000000   Number         0  anon$$obj.o ABSOLUTE
    Image$$RW_IRAM1$$ZI$$Base                0x20000010   Number         0  anon$$obj.o ABSOLUTE
    Stack_Mem                                0x20000010   Data        8192  startup_ctboard.o(STACK)
    Image$$RW_IRAM1$$ZI$$Limit               0x20002010   Number         0  anon$$obj.o ABSOLUTE



==============================================================================

Memory Map of the image

  Image Entry point : 0x08000229

  Load Region LR_IROM1 (Base: 0x08000000, Size: 0x00000f68, Max: 0x00200000, ABSOLUTE)

    Execution Region ER_IROM1 (Exec base: 0x08000000, Load base: 0x08000000, Size: 0x00000f54, Max: 0x00200000, ABSOLUTE)

    Exec Addr    Load Addr    Size         Type   Attr      Idx    E Section Name        Object

    0x08000000   0x08000000   0x000001ac   Data   RO           15    RESET               startup_ctboard.o
    0x080001ac   0x080001ac   0x0000007c   Code   RO            9    .text               datainit_ctboard.o
    0x08000228   0x08000228   0x00000024   Code   RO           16  * .text               startup_ctboard.o
    0x0800024c   0x0800024c   0x00000162   Code   RO           20    .text               system_ctboard.o
    0x080003ae   0x080003ae   0x00000002   PAD
    0x080003b0   0x080003b0   0x00000154   Code   RO           28    .text               hal_fmc.o
    0x08000504   0x08000504   0x00000604   Code   RO           36    .text               hal_gpio.o
    0x08000b08   0x08000b08   0x000000ac   Code   RO           44    .text               hal_pwr.o
    0x08000bb4   0x08000bb4   0x00000330   Code   RO           52    .text               hal_rcc.o
    0x08000ee4   0x08000ee4   0x0000005c   Code   RO            3    MyCode              transbf.o
    0x08000f40   0x08000f40   0x00000014   Data   RO            2    MyAsmConst          transbf.o


    Execution Region RW_IRAM1 (Exec base: 0x20000000, Load base: 0x08000f58, Size: 0x00002010, Max: 0x00030000, ABSOLUTE)

    Exec Addr    Load Addr    Size         Type   Attr      Idx    E Section Name        Object

    0x20000000   0x08000f58   0x00000010   Data   RW            1    MyAsmVar            transbf.o
    0x20000010        -       0x00002000   Zero   RW           13    STACK               startup_ctboard.o


==============================================================================

Image component sizes


      Code (inc. data)   RO Data    RW Data    ZI Data      Debug   Object Name

       124         50          0          0          0        472   datainit_ctboard.o
       340         16          0          0          0       3886   hal_fmc.o
      1540         96          0          0          0      12050   hal_gpio.o
       172         20          0          0          0       2181   hal_pwr.o
       816        168          0          0          0       5409   hal_rcc.o
        36          8        428          0       8192        872   startup_ctboard.o
       354         60          0          0          0       6820   system_ctboard.o
        92         20         20         16          0        436   transbf.o

    ----------------------------------------------------------------------
      3476        438        448         16       8192      32126   Object Totals
         0          0          0          0          0          0   (incl. Generated)
         2          0          0          0          0          0   (incl. Padding)

    ----------------------------------------------------------------------
         0          0          0          0          0          0   Library Totals
         0          0          0          0          0          0   (incl. Padding)

    ----------------------------------------------------------------------

==============================================================================


      Code (inc. data)   RO Data    RW Data    ZI Data      Debug   

      3476        438        448         16       8192      31942   Grand Totals
      3476        438        448         16       8192      31942   ELF Image Totals
      3476        438        448         16          0          0   ROM Totals

==============================================================================

    Total RO  Size (Code + RO Data)                 3924 (   3.83kB)
    Total RW  Size (RW Data + ZI Data)              8208 (   8.02kB)
    Total ROM Size (Code + RO Data + RW Data)       3940 (   3.85kB)

==============================================================================

