Component: Arm Compiler for Embedded 6.18 Tool: armlink [5e4cc100]

==============================================================================

Section Cross References

    table.o(myCode) refers to table.o(MyAsmVar) for data1
    datainit_ctboard.o(.text) refers (Weak) to startup_ctboard.o(STACK) for Stack_Mem
    datainit_ctboard.o(.text) refers to table.o(myCode) for main
    startup_ctboard.o(RESET) refers to startup_ctboard.o(STACK) for __initial_sp
    startup_ctboard.o(RESET) refers to startup_ctboard.o(.text) for Reset_Handler
    startup_ctboard.o(.text) refers to system_ctboard.o(.text) for __system
    startup_ctboard.o(.text) refers to datainit_ctboard.o(.text) for __main
    system_ctboard.o(.text) refers to hal_rcc.o(.text) for hal_rcc_reset
    system_ctboard.o(.text) refers to hal_pwr.o(.text) for hal_pwr_set_overdrive
    system_ctboard.o(.text) refers to hal_gpio.o(.text) for hal_gpio_init_alternate
    system_ctboard.o(.text) refers to hal_fmc.o(.text) for hal_fmc_init_sram
    system_ctboard.o(.ARM.exidx) refers to system_ctboard.o(.text) for [Anonymous Symbol]
    hal_fmc.o(.ARM.exidx) refers to hal_fmc.o(.text) for [Anonymous Symbol]
    hal_gpio.o(.ARM.exidx) refers to hal_gpio.o(.text) for [Anonymous Symbol]
    hal_pwr.o(.ARM.exidx) refers to hal_pwr.o(.text) for [Anonymous Symbol]
    hal_rcc.o(.ARM.exidx) refers to hal_rcc.o(.text) for [Anonymous Symbol]


==============================================================================

Removing Unused input sections from the image.

    Removing startup_ctboard.o(HEAP), (2048 bytes).
    Removing system_ctboard.o(.ARM.exidx), (40 bytes).
    Removing hal_fmc.o(.ARM.exidx), (16 bytes).
    Removing hal_gpio.o(.ARM.exidx), (112 bytes).
    Removing hal_pwr.o(.ARM.exidx), (56 bytes).
    Removing hal_rcc.o(.ARM.exidx), (40 bytes).

6 unused section(s) (total 2312 bytes) removed from the image.

==============================================================================

Image Symbol Table

    Local Symbols

    Symbol Name                              Value     Ov Type        Size  Object(Section)

    RTE/Device/CT_Board_HS14_M0/datainit_ctboard.s 0x00000000   Number         0  datainit_ctboard.o ABSOLUTE
    RTE/Device/CT_Board_HS14_M0/startup_ctboard.s 0x00000000   Number         0  startup_ctboard.o ABSOLUTE
    app\table.s                              0x00000000   Number         0  table.o ABSOLUTE
    hal_fmc.c                                0x00000000   Number         0  hal_fmc.o ABSOLUTE
    hal_gpio.c                               0x00000000   Number         0  hal_gpio.o ABSOLUTE
    hal_pwr.c                                0x00000000   Number         0  hal_pwr.o ABSOLUTE
    hal_rcc.c                                0x00000000   Number         0  hal_rcc.o ABSOLUTE
    system_ctboard.c                         0x00000000   Number         0  system_ctboard.o ABSOLUTE
    RESET                                    0x08000000   Section      428  startup_ctboard.o(RESET)
    .text                                    0x080001ac   Section      124  datainit_ctboard.o(.text)
    .text                                    0x08000228   Section       36  startup_ctboard.o(.text)
    [Anonymous Symbol]                       0x0800024c   Section        0  system_ctboard.o(.text)
    __arm_cp.1_0                             0x08000344   Number         4  system_ctboard.o(.text)
    __arm_cp.1_1                             0x08000348   Number         4  system_ctboard.o(.text)
    __arm_cp.1_2                             0x0800034c   Number         4  system_ctboard.o(.text)
    __arm_cp.1_3                             0x08000350   Number         4  system_ctboard.o(.text)
    __arm_cp.1_4                             0x08000354   Number         4  system_ctboard.o(.text)
    __arm_cp.1_5                             0x08000358   Number         4  system_ctboard.o(.text)
    __arm_cp.1_6                             0x0800035c   Number         4  system_ctboard.o(.text)
    __arm_cp.1_7                             0x08000360   Number         4  system_ctboard.o(.text)
    __arm_cp.1_8                             0x08000364   Number         4  system_ctboard.o(.text)
    __arm_cp.1_9                             0x08000368   Number         4  system_ctboard.o(.text)
    __arm_cp.1_10                            0x0800036c   Number         4  system_ctboard.o(.text)
    __arm_cp.1_11                            0x08000370   Number         4  system_ctboard.o(.text)
    __arm_cp.1_12                            0x08000374   Number         4  system_ctboard.o(.text)
    __arm_cp.1_13                            0x08000378   Number         4  system_ctboard.o(.text)
    __arm_cp.1_14                            0x0800037c   Number         4  system_ctboard.o(.text)
    __arm_cp.1_15                            0x08000380   Number         4  system_ctboard.o(.text)
    __arm_cp.1_16                            0x08000384   Number         4  system_ctboard.o(.text)
    __arm_cp.1_17                            0x08000388   Number         4  system_ctboard.o(.text)
    __arm_cp.1_18                            0x0800038c   Number         4  system_ctboard.o(.text)
    [Anonymous Symbol]                       0x08000398   Section        0  hal_fmc.o(.text)
    __arm_cp.0_0                             0x080003d4   Number         4  hal_fmc.o(.text)
    __arm_cp.0_1                             0x080003d8   Number         4  hal_fmc.o(.text)
    __arm_cp.0_2                             0x080003dc   Number         4  hal_fmc.o(.text)
    __arm_cp.1_0                             0x08000524   Number         4  hal_fmc.o(.text)
    __arm_cp.1_1                             0x08000528   Number         4  hal_fmc.o(.text)
    [Anonymous Symbol]                       0x0800052c   Section        0  hal_gpio.o(.text)
    __arm_cp.0_0                             0x08000570   Number         4  hal_gpio.o(.text)
    __arm_cp.0_1                             0x08000574   Number         4  hal_gpio.o(.text)
    __arm_cp.1_0                             0x08000614   Number         4  hal_gpio.o(.text)
    __arm_cp.1_1                             0x08000618   Number         4  hal_gpio.o(.text)
    __arm_cp.2_0                             0x0800070c   Number         4  hal_gpio.o(.text)
    __arm_cp.2_1                             0x08000710   Number         4  hal_gpio.o(.text)
    __arm_cp.3_0                             0x08000830   Number         4  hal_gpio.o(.text)
    __arm_cp.3_1                             0x08000834   Number         4  hal_gpio.o(.text)
    __arm_cp.7_0                             0x08000950   Number         4  hal_gpio.o(.text)
    __arm_cp.7_1                             0x08000954   Number         4  hal_gpio.o(.text)
    __arm_cp.8_0                             0x08000970   Number         4  hal_gpio.o(.text)
    __arm_cp.8_1                             0x08000974   Number         4  hal_gpio.o(.text)
    __arm_cp.9_0                             0x08000994   Number         4  hal_gpio.o(.text)
    __arm_cp.9_1                             0x08000998   Number         4  hal_gpio.o(.text)
    __arm_cp.10_0                            0x080009b8   Number         4  hal_gpio.o(.text)
    __arm_cp.10_1                            0x080009bc   Number         4  hal_gpio.o(.text)
    __arm_cp.11_0                            0x08000ae4   Number         4  hal_gpio.o(.text)
    __arm_cp.11_1                            0x08000ae8   Number         4  hal_gpio.o(.text)
    __arm_cp.11_2                            0x08000aec   Number         4  hal_gpio.o(.text)
    __arm_cp.11_3                            0x08000af0   Number         4  hal_gpio.o(.text)
    __arm_cp.11_4                            0x08000af4   Number         4  hal_gpio.o(.text)
    __arm_cp.11_5                            0x08000af8   Number         4  hal_gpio.o(.text)
    __arm_cp.12_0                            0x08000b14   Number         4  hal_gpio.o(.text)
    __arm_cp.13_0                            0x08000b24   Number         4  hal_gpio.o(.text)
    [Anonymous Symbol]                       0x08000b28   Section        0  hal_pwr.o(.text)
    __arm_cp.0_0                             0x08000b38   Number         4  hal_pwr.o(.text)
    __arm_cp.1_0                             0x08000b74   Number         4  hal_pwr.o(.text)
    __arm_cp.2_0                             0x08000b90   Number         4  hal_pwr.o(.text)
    __arm_cp.3_0                             0x08000bac   Number         4  hal_pwr.o(.text)
    __arm_cp.4_0                             0x08000bc8   Number         4  hal_pwr.o(.text)
    [Anonymous Symbol]                       0x08000bd4   Section        0  hal_rcc.o(.text)
    __arm_cp.0_0                             0x08000c3c   Number         4  hal_rcc.o(.text)
    __arm_cp.0_1                             0x08000c40   Number         4  hal_rcc.o(.text)
    __arm_cp.0_2                             0x08000c44   Number         4  hal_rcc.o(.text)
    __arm_cp.0_3                             0x08000c48   Number         4  hal_rcc.o(.text)
    __arm_cp.0_4                             0x08000c4c   Number         4  hal_rcc.o(.text)
    __arm_cp.0_5                             0x08000c50   Number         4  hal_rcc.o(.text)
    __arm_cp.0_6                             0x08000c54   Number         4  hal_rcc.o(.text)
    __arm_cp.0_7                             0x08000c58   Number         4  hal_rcc.o(.text)
    __arm_cp.1_0                             0x08000d40   Number         4  hal_rcc.o(.text)
    __arm_cp.2_0                             0x08000db0   Number         4  hal_rcc.o(.text)
    __arm_cp.2_1                             0x08000db4   Number         4  hal_rcc.o(.text)
    __arm_cp.3_0                             0x08000e78   Number         4  hal_rcc.o(.text)
    __arm_cp.3_1                             0x08000e7c   Number         4  hal_rcc.o(.text)
    __arm_cp.3_2                             0x08000e80   Number         4  hal_rcc.o(.text)
    __arm_cp.3_3                             0x08000e84   Number         4  hal_rcc.o(.text)
    __arm_cp.3_4                             0x08000e88   Number         4  hal_rcc.o(.text)
    __arm_cp.3_5                             0x08000e8c   Number         4  hal_rcc.o(.text)
    __arm_cp.4_0                             0x08000eec   Number         4  hal_rcc.o(.text)
    __arm_cp.4_1                             0x08000ef0   Number         4  hal_rcc.o(.text)
    myCode                                   0x08000ef4   Section      140  table.o(myCode)
    data1                                    0x20000000   Data          16  table.o(MyAsmVar)
    MyAsmVar                                 0x20000000   Section       16  table.o(MyAsmVar)
    STACK                                    0x20000010   Section     8192  startup_ctboard.o(STACK)
    __initial_sp                             0x20002010   Data           0  startup_ctboard.o(STACK)

    Global Symbols

    Symbol Name                              Value     Ov Type        Size  Object(Section)

    BuildAttributes$$THM_ISAv3M$S$PE$A:L22$X:L11$S22$IEEE1$IW$~IW$USESV6$~STKCKD$USESV7$~SHL$OTIME$EBA8$STANDARDLIB$REQ8$PRES8$EABIv2 0x00000000   Number         0  anon$$obj.o ABSOLUTE
    Image$$RO$$Limit                          - Undefined Weak Reference
    Image$$RW$$Base                           - Undefined Weak Reference
    Image$$ZI$$Base                           - Undefined Weak Reference
    Image$$ZI$$Limit                          - Undefined Weak Reference
    __Vectors_Size                           0x000001ac   Number         0  startup_ctboard.o ABSOLUTE
    Stack_Size                               0x00002000   Number         0  startup_ctboard.o ABSOLUTE
    __Vectors                                0x08000000   Data           4  startup_ctboard.o(RESET)
    __Vectors_End                            0x080001ac   Data           0  startup_ctboard.o(RESET)
    __main                                   0x080001ad   Thumb Code    74  datainit_ctboard.o(.text)
    Reset_Handler                            0x08000229   Thumb Code     8  startup_ctboard.o(.text)
    NMI_Handler                              0x08000231   Thumb Code     2  startup_ctboard.o(.text)
    HardFault_Handler                        0x08000233   Thumb Code     2  startup_ctboard.o(.text)
    MemManage_Handler                        0x08000235   Thumb Code     2  startup_ctboard.o(.text)
    BusFault_Handler                         0x08000237   Thumb Code     2  startup_ctboard.o(.text)
    UsageFault_Handler                       0x08000239   Thumb Code     2  startup_ctboard.o(.text)
    SVC_Handler                              0x0800023b   Thumb Code     2  startup_ctboard.o(.text)
    DebugMon_Handler                         0x0800023d   Thumb Code     2  startup_ctboard.o(.text)
    PendSV_Handler                           0x0800023f   Thumb Code     2  startup_ctboard.o(.text)
    SysTick_Handler                          0x08000241   Thumb Code     2  startup_ctboard.o(.text)
    ADC_IRQHandler                           0x08000243   Thumb Code     0  startup_ctboard.o(.text)
    CAN1_RX0_IRQHandler                      0x08000243   Thumb Code     0  startup_ctboard.o(.text)
    CAN1_RX1_IRQHandler                      0x08000243   Thumb Code     0  startup_ctboard.o(.text)
    CAN1_SCE_IRQHandler                      0x08000243   Thumb Code     0  startup_ctboard.o(.text)
    CAN1_TX_IRQHandler                       0x08000243   Thumb Code     0  startup_ctboard.o(.text)
    CAN2_RX0_IRQHandler                      0x08000243   Thumb Code     0  startup_ctboard.o(.text)
    CAN2_RX1_IRQHandler                      0x08000243   Thumb Code     0  startup_ctboard.o(.text)
    CAN2_SCE_IRQHandler                      0x08000243   Thumb Code     0  startup_ctboard.o(.text)
    CAN2_TX_IRQHandler                       0x08000243   Thumb Code     0  startup_ctboard.o(.text)
    CRYP_IRQHandler                          0x08000243   Thumb Code     0  startup_ctboard.o(.text)
    DCMI_IRQHandler                          0x08000243   Thumb Code     0  startup_ctboard.o(.text)
    DMA1_Stream0_IRQHandler                  0x08000243   Thumb Code     0  startup_ctboard.o(.text)
    DMA1_Stream1_IRQHandler                  0x08000243   Thumb Code     0  startup_ctboard.o(.text)
    DMA1_Stream2_IRQHandler                  0x08000243   Thumb Code     0  startup_ctboard.o(.text)
    DMA1_Stream3_IRQHandler                  0x08000243   Thumb Code     0  startup_ctboard.o(.text)
    DMA1_Stream4_IRQHandler                  0x08000243   Thumb Code     0  startup_ctboard.o(.text)
    DMA1_Stream5_IRQHandler                  0x08000243   Thumb Code     0  startup_ctboard.o(.text)
    DMA1_Stream6_IRQHandler                  0x08000243   Thumb Code     0  startup_ctboard.o(.text)
    DMA1_Stream7_IRQHandler                  0x08000243   Thumb Code     0  startup_ctboard.o(.text)
    DMA2D_IRQHandler                         0x08000243   Thumb Code     0  startup_ctboard.o(.text)
    DMA2_Stream0_IRQHandler                  0x08000243   Thumb Code     0  startup_ctboard.o(.text)
    DMA2_Stream1_IRQHandler                  0x08000243   Thumb Code     0  startup_ctboard.o(.text)
    DMA2_Stream2_IRQHandler                  0x08000243   Thumb Code     0  startup_ctboard.o(.text)
    DMA2_Stream3_IRQHandler                  0x08000243   Thumb Code     0  startup_ctboard.o(.text)
    DMA2_Stream4_IRQHandler                  0x08000243   Thumb Code     0  startup_ctboard.o(.text)
    DMA2_Stream5_IRQHandler                  0x08000243   Thumb Code     0  startup_ctboard.o(.text)
    DMA2_Stream6_IRQHandler                  0x08000243   Thumb Code     0  startup_ctboard.o(.text)
    DMA2_Stream7_IRQHandler                  0x08000243   Thumb Code     0  startup_ctboard.o(.text)
    ETH_IRQHandler                           0x08000243   Thumb Code     0  startup_ctboard.o(.text)
    ETH_WKUP_IRQHandler                      0x08000243   Thumb Code     0  startup_ctboard.o(.text)
    EXTI0_IRQHandler                         0x08000243   Thumb Code     0  startup_ctboard.o(.text)
    EXTI15_10_IRQHandler                     0x08000243   Thumb Code     0  startup_ctboard.o(.text)
    EXTI1_IRQHandler                         0x08000243   Thumb Code     0  startup_ctboard.o(.text)
    EXTI2_IRQHandler                         0x08000243   Thumb Code     0  startup_ctboard.o(.text)
    EXTI3_IRQHandler                         0x08000243   Thumb Code     0  startup_ctboard.o(.text)
    EXTI4_IRQHandler                         0x08000243   Thumb Code     0  startup_ctboard.o(.text)
    EXTI9_5_IRQHandler                       0x08000243   Thumb Code     0  startup_ctboard.o(.text)
    FLASH_IRQHandler                         0x08000243   Thumb Code     0  startup_ctboard.o(.text)
    FMC_IRQHandler                           0x08000243   Thumb Code     0  startup_ctboard.o(.text)
    FPU_IRQHandler                           0x08000243   Thumb Code     0  startup_ctboard.o(.text)
    HASH_RNG_IRQHandler                      0x08000243   Thumb Code     0  startup_ctboard.o(.text)
    I2C1_ER_IRQHandler                       0x08000243   Thumb Code     0  startup_ctboard.o(.text)
    I2C1_EV_IRQHandler                       0x08000243   Thumb Code     0  startup_ctboard.o(.text)
    I2C2_ER_IRQHandler                       0x08000243   Thumb Code     0  startup_ctboard.o(.text)
    I2C2_EV_IRQHandler                       0x08000243   Thumb Code     0  startup_ctboard.o(.text)
    I2C3_ER_IRQHandler                       0x08000243   Thumb Code     0  startup_ctboard.o(.text)
    I2C3_EV_IRQHandler                       0x08000243   Thumb Code     0  startup_ctboard.o(.text)
    LTDC_ER_IRQHandler                       0x08000243   Thumb Code     0  startup_ctboard.o(.text)
    LTDC_IRQHandler                          0x08000243   Thumb Code     0  startup_ctboard.o(.text)
    OTG_FS_IRQHandler                        0x08000243   Thumb Code     0  startup_ctboard.o(.text)
    OTG_FS_WKUP_IRQHandler                   0x08000243   Thumb Code     0  startup_ctboard.o(.text)
    OTG_HS_EP1_IN_IRQHandler                 0x08000243   Thumb Code     0  startup_ctboard.o(.text)
    OTG_HS_EP1_OUT_IRQHandler                0x08000243   Thumb Code     0  startup_ctboard.o(.text)
    OTG_HS_IRQHandler                        0x08000243   Thumb Code     0  startup_ctboard.o(.text)
    OTG_HS_WKUP_IRQHandler                   0x08000243   Thumb Code     0  startup_ctboard.o(.text)
    PVD_IRQHandler                           0x08000243   Thumb Code     0  startup_ctboard.o(.text)
    RCC_IRQHandler                           0x08000243   Thumb Code     0  startup_ctboard.o(.text)
    RTC_Alarm_IRQHandler                     0x08000243   Thumb Code     0  startup_ctboard.o(.text)
    RTC_WKUP_IRQHandler                      0x08000243   Thumb Code     0  startup_ctboard.o(.text)
    SAI1_IRQHandler                          0x08000243   Thumb Code     0  startup_ctboard.o(.text)
    SDIO_IRQHandler                          0x08000243   Thumb Code     0  startup_ctboard.o(.text)
    SPI1_IRQHandler                          0x08000243   Thumb Code     0  startup_ctboard.o(.text)
    SPI2_IRQHandler                          0x08000243   Thumb Code     0  startup_ctboard.o(.text)
    SPI3_IRQHandler                          0x08000243   Thumb Code     0  startup_ctboard.o(.text)
    SPI4_IRQHandler                          0x08000243   Thumb Code     0  startup_ctboard.o(.text)
    SPI5_IRQHandler                          0x08000243   Thumb Code     0  startup_ctboard.o(.text)
    SPI6_IRQHandler                          0x08000243   Thumb Code     0  startup_ctboard.o(.text)
    TAMP_STAMP_IRQHandler                    0x08000243   Thumb Code     0  startup_ctboard.o(.text)
    TIM1_BRK_TIM9_IRQHandler                 0x08000243   Thumb Code     0  startup_ctboard.o(.text)
    TIM1_CC_IRQHandler                       0x08000243   Thumb Code     0  startup_ctboard.o(.text)
    TIM1_TRG_COM_TIM11_IRQHandler            0x08000243   Thumb Code     0  startup_ctboard.o(.text)
    TIM1_UP_TIM10_IRQHandler                 0x08000243   Thumb Code     0  startup_ctboard.o(.text)
    TIM2_IRQHandler                          0x08000243   Thumb Code     0  startup_ctboard.o(.text)
    TIM3_IRQHandler                          0x08000243   Thumb Code     0  startup_ctboard.o(.text)
    TIM4_IRQHandler                          0x08000243   Thumb Code     0  startup_ctboard.o(.text)
    TIM5_IRQHandler                          0x08000243   Thumb Code     0  startup_ctboard.o(.text)
    TIM6_DAC_IRQHandler                      0x08000243   Thumb Code     0  startup_ctboard.o(.text)
    TIM7_IRQHandler                          0x08000243   Thumb Code     0  startup_ctboard.o(.text)
    TIM8_BRK_TIM12_IRQHandler                0x08000243   Thumb Code     0  startup_ctboard.o(.text)
    TIM8_CC_IRQHandler                       0x08000243   Thumb Code     0  startup_ctboard.o(.text)
    TIM8_TRG_COM_TIM14_IRQHandler            0x08000243   Thumb Code     0  startup_ctboard.o(.text)
    TIM8_UP_TIM13_IRQHandler                 0x08000243   Thumb Code     0  startup_ctboard.o(.text)
    UART4_IRQHandler                         0x08000243   Thumb Code     0  startup_ctboard.o(.text)
    UART5_IRQHandler                         0x08000243   Thumb Code     0  startup_ctboard.o(.text)
    UART7_IRQHandler                         0x08000243   Thumb Code     0  startup_ctboard.o(.text)
    UART8_IRQHandler                         0x08000243   Thumb Code     0  startup_ctboard.o(.text)
    USART1_IRQHandler                        0x08000243   Thumb Code     0  startup_ctboard.o(.text)
    USART2_IRQHandler                        0x08000243   Thumb Code     0  startup_ctboard.o(.text)
    USART3_IRQHandler                        0x08000243   Thumb Code     0  startup_ctboard.o(.text)
    USART6_IRQHandler                        0x08000243   Thumb Code     0  startup_ctboard.o(.text)
    WWDG_IRQHandler                          0x08000243   Thumb Code     0  startup_ctboard.o(.text)
    __system                                 0x0800024d   Thumb Code     8  system_ctboard.o(.text)
    system_enter_run                         0x08000255   Thumb Code   240  system_ctboard.o(.text)
    system_enter_sleep                       0x08000391   Thumb Code     2  system_ctboard.o(.text)
    system_enter_stop                        0x08000393   Thumb Code     2  system_ctboard.o(.text)
    system_enter_standby                     0x08000395   Thumb Code     2  system_ctboard.o(.text)
    hal_fmc_reset                            0x08000399   Thumb Code    60  hal_fmc.o(.text)
    hal_fmc_init_sram                        0x080003e1   Thumb Code   324  hal_fmc.o(.text)
    hal_gpio_reset                           0x0800052d   Thumb Code    68  hal_gpio.o(.text)
    hal_gpio_init_input                      0x08000579   Thumb Code   156  hal_gpio.o(.text)
    hal_gpio_init_analog                     0x0800061d   Thumb Code   240  hal_gpio.o(.text)
    hal_gpio_init_output                     0x08000715   Thumb Code   284  hal_gpio.o(.text)
    hal_gpio_init_alternate                  0x08000839   Thumb Code   248  hal_gpio.o(.text)
    hal_gpio_input_read                      0x08000931   Thumb Code     6  hal_gpio.o(.text)
    hal_gpio_output_read                     0x08000937   Thumb Code     6  hal_gpio.o(.text)
    hal_gpio_output_write                    0x0800093d   Thumb Code    20  hal_gpio.o(.text)
    hal_gpio_bit_set                         0x08000959   Thumb Code    24  hal_gpio.o(.text)
    hal_gpio_bit_reset                       0x08000979   Thumb Code    28  hal_gpio.o(.text)
    hal_gpio_bit_toggle                      0x0800099d   Thumb Code    28  hal_gpio.o(.text)
    hal_gpio_irq_set                         0x080009c1   Thumb Code   292  hal_gpio.o(.text)
    hal_gpio_irq_status                      0x08000afd   Thumb Code    24  hal_gpio.o(.text)
    hal_gpio_irq_clear                       0x08000b19   Thumb Code    12  hal_gpio.o(.text)
    hal_pwr_reset                            0x08000b29   Thumb Code    16  hal_pwr.o(.text)
    hal_pwr_set_backup_domain                0x08000b3d   Thumb Code    56  hal_pwr.o(.text)
    hal_pwr_set_backup_access                0x08000b79   Thumb Code    24  hal_pwr.o(.text)
    hal_pwr_set_wakeup_pin                   0x08000b95   Thumb Code    24  hal_pwr.o(.text)
    hal_pwr_set_flash_powerdown              0x08000bb1   Thumb Code    24  hal_pwr.o(.text)
    hal_pwr_set_overdrive                    0x08000bcd   Thumb Code     4  hal_pwr.o(.text)
    hal_pwr_set_underdrive                   0x08000bd1   Thumb Code     4  hal_pwr.o(.text)
    hal_rcc_reset                            0x08000bd5   Thumb Code   104  hal_rcc.o(.text)
    hal_rcc_set_peripheral                   0x08000c5d   Thumb Code   228  hal_rcc.o(.text)
    hal_rcc_set_osc                          0x08000d45   Thumb Code   108  hal_rcc.o(.text)
    hal_rcc_setup_pll                        0x08000db9   Thumb Code   192  hal_rcc.o(.text)
    hal_rcc_setup_clock                      0x08000e91   Thumb Code    92  hal_rcc.o(.text)
    main                                     0x08000ef5   Thumb Code    92  table.o(myCode)
    Image$$ER_IROM1$$Limit                   0x08000f80   Number         0  anon$$obj.o ABSOLUTE
    Image$$RW_IRAM1$$Base                    0x20000000   Number         0  anon$$obj.o ABSOLUTE
    Image$$RW_IRAM1$$ZI$$Base                0x20000010   Number         0  anon$$obj.o ABSOLUTE
    Stack_Mem                                0x20000010   Data        8192  startup_ctboard.o(STACK)
    Image$$RW_IRAM1$$ZI$$Limit               0x20002010   Number         0  anon$$obj.o ABSOLUTE



==============================================================================

Memory Map of the image

  Image Entry point : 0x08000229

  Load Region LR_IROM1 (Base: 0x08000000, Size: 0x00000f90, Max: 0x00200000, ABSOLUTE)

    Execution Region ER_IROM1 (Exec base: 0x08000000, Load base: 0x08000000, Size: 0x00000f80, Max: 0x00200000, ABSOLUTE)

    Exec Addr    Load Addr    Size         Type   Attr      Idx    E Section Name        Object

    0x08000000   0x08000000   0x000001ac   Data   RO           14    RESET               startup_ctboard.o
    0x080001ac   0x080001ac   0x0000007c   Code   RO            8    .text               datainit_ctboard.o
    0x08000228   0x08000228   0x00000024   Code   RO           15  * .text               startup_ctboard.o
    0x0800024c   0x0800024c   0x0000014a   Code   RO           19    .text               system_ctboard.o
    0x08000396   0x08000396   0x00000002   PAD
    0x08000398   0x08000398   0x00000194   Code   RO           27    .text               hal_fmc.o
    0x0800052c   0x0800052c   0x000005fc   Code   RO           35    .text               hal_gpio.o
    0x08000b28   0x08000b28   0x000000ac   Code   RO           43    .text               hal_pwr.o
    0x08000bd4   0x08000bd4   0x00000320   Code   RO           51    .text               hal_rcc.o
    0x08000ef4   0x08000ef4   0x0000008c   Code   RO            2    myCode              table.o


    Execution Region RW_IRAM1 (Exec base: 0x20000000, Load base: 0x08000f80, Size: 0x00002010, Max: 0x00030000, ABSOLUTE)

    Exec Addr    Load Addr    Size         Type   Attr      Idx    E Section Name        Object

    0x20000000   0x08000f80   0x00000010   Data   RW            1    MyAsmVar            table.o
    0x20000010        -       0x00002000   Zero   RW           12    STACK               startup_ctboard.o


==============================================================================

Image component sizes


      Code (inc. data)   RO Data    RW Data    ZI Data      Debug   Object Name

       124         50          0          0          0        448   datainit_ctboard.o
       404         20          0          0          0       4215   hal_fmc.o
      1532         96          0          0          0      12521   hal_gpio.o
       172         20          0          0          0       2181   hal_pwr.o
       800        168          0          0          0       5216   hal_rcc.o
        36          8        428          0       8192        848   startup_ctboard.o
       330         76          0          0          0       6804   system_ctboard.o
       140         50          0         16          0        420   table.o

    ----------------------------------------------------------------------
      3540        488        428         16       8192      32653   Object Totals
         0          0          0          0          0          0   (incl. Generated)
         2          0          0          0          0          0   (incl. Padding)

    ----------------------------------------------------------------------
         0          0          0          0          0          0   Library Totals
         0          0          0          0          0          0   (incl. Padding)

    ----------------------------------------------------------------------

==============================================================================


      Code (inc. data)   RO Data    RW Data    ZI Data      Debug   

      3540        488        428         16       8192      32469   Grand Totals
      3540        488        428         16       8192      32469   ELF Image Totals
      3540        488        428         16          0          0   ROM Totals

==============================================================================

    Total RO  Size (Code + RO Data)                 3968 (   3.88kB)
    Total RW  Size (RW Data + ZI Data)              8208 (   8.02kB)
    Total ROM Size (Code + RO Data + RW Data)       3984 (   3.89kB)

==============================================================================

